Component: ARM Compiler 5.06 update 4 (build 422) Tool: armlink [4d35d2]

==============================================================================

Section Cross References

    main.o(i.main) refers to main.o(i.userInit) for userInit
    main.o(i.main) refers to main.o(i.userHandle) for userHandle
    main.o(i.main) refers to intoyun_interface.o(.constdata) for System
    main.o(i.system_event_callback) refers to intoyun_interface.o(.constdata) for Cloud
    main.o(i.system_event_callback) refers to main.o(.data) for .data
    main.o(i.userHandle) refers to intoyun_interface.o(.constdata) for Cloud
    main.o(i.userHandle) refers to main.o(.data) for .data
    main.o(i.userInit) refers to intoyun_interface.o(i.delay) for delay
    main.o(i.userInit) refers to intoyun_interface.o(.constdata) for Cloud
    main.o(i.userInit) refers to main.o(.data) for .data
    main.o(i.userInit) refers to intoyun_interface.o(.constdata) for System
    main.o(i.userInit) refers to main.o(i.system_event_callback) for system_event_callback
    startup_stm32f103xb.o(RESET) refers to startup_stm32f103xb.o(STACK) for __initial_sp
    startup_stm32f103xb.o(RESET) refers to startup_stm32f103xb.o(.text) for Reset_Handler
    startup_stm32f103xb.o(RESET) refers to stm32f1xx_it.o(i.NMI_Handler) for NMI_Handler
    startup_stm32f103xb.o(RESET) refers to stm32f1xx_it.o(i.HardFault_Handler) for HardFault_Handler
    startup_stm32f103xb.o(RESET) refers to stm32f1xx_it.o(i.MemManage_Handler) for MemManage_Handler
    startup_stm32f103xb.o(RESET) refers to stm32f1xx_it.o(i.BusFault_Handler) for BusFault_Handler
    startup_stm32f103xb.o(RESET) refers to stm32f1xx_it.o(i.UsageFault_Handler) for UsageFault_Handler
    startup_stm32f103xb.o(RESET) refers to stm32f1xx_it.o(i.SVC_Handler) for SVC_Handler
    startup_stm32f103xb.o(RESET) refers to stm32f1xx_it.o(i.DebugMon_Handler) for DebugMon_Handler
    startup_stm32f103xb.o(RESET) refers to stm32f1xx_it.o(i.PendSV_Handler) for PendSV_Handler
    startup_stm32f103xb.o(RESET) refers to stm32f1xx_it.o(i.SysTick_Handler) for SysTick_Handler
    startup_stm32f103xb.o(RESET) refers to stm32f1xx_it.o(i.USART1_IRQHandler) for USART1_IRQHandler
    startup_stm32f103xb.o(.text) refers to system_stm32f1xx.o(i.SystemInit) for SystemInit
    startup_stm32f103xb.o(.text) refers to entry.o(.ARM.Collect$$$$00000000) for __main
    stm32f1xx_it.o(i.SysTick_Handler) refers to stm32f1xx_hal.o(i.HAL_IncTick) for HAL_IncTick
    stm32f1xx_it.o(i.USART1_IRQHandler) refers to stm32f1xx_hal_uart.o(i.HAL_UART_Receive) for HAL_UART_Receive
    stm32f1xx_it.o(i.USART1_IRQHandler) refers to hal_interface.o(.bss) for huart1
    stm32f1xx_it.o(i.USART1_IRQHandler) refers to intoyun_interface.o(.constdata) for System
    system_stm32f1xx.o(i.SystemCoreClockUpdate) refers to system_stm32f1xx.o(.data) for .data
    system_stm32f1xx.o(i.SystemCoreClockUpdate) refers to system_stm32f1xx.o(.constdata) for .constdata
    hal_interface.o(i.HAL_Millis) refers to stm32f1xx_hal.o(i.HAL_GetTick) for HAL_GetTick
    hal_interface.o(i.HAL_Print) refers to stm32f1xx_hal_uart.o(i.HAL_UART_Transmit) for HAL_UART_Transmit
    hal_interface.o(i.HAL_Print) refers to hal_interface.o(.bss) for .bss
    hal_interface.o(i.HAL_SystemInit) refers to stm32f1xx_hal.o(i.HAL_Init) for HAL_Init
    hal_interface.o(i.HAL_SystemInit) refers to hal_interface.o(i.SystemClockConfig) for SystemClockConfig
    hal_interface.o(i.HAL_SystemInit) refers to stm32f1xx_hal_uart.o(i.HAL_UART_Init) for HAL_UART_Init
    hal_interface.o(i.HAL_SystemInit) refers to hal_interface.o(.bss) for .bss
    hal_interface.o(i.HAL_UART_MspDeInit) refers to stm32f1xx_hal_gpio.o(i.HAL_GPIO_DeInit) for HAL_GPIO_DeInit
    hal_interface.o(i.HAL_UART_MspDeInit) refers to stm32f1xx_hal_cortex.o(i.HAL_NVIC_DisableIRQ) for HAL_NVIC_DisableIRQ
    hal_interface.o(i.HAL_UART_MspInit) refers to stm32f1xx_hal_gpio.o(i.HAL_GPIO_Init) for HAL_GPIO_Init
    hal_interface.o(i.HAL_UART_MspInit) refers to stm32f1xx_hal_cortex.o(i.HAL_NVIC_SetPriority) for HAL_NVIC_SetPriority
    hal_interface.o(i.HAL_UART_MspInit) refers to stm32f1xx_hal_cortex.o(i.HAL_NVIC_EnableIRQ) for HAL_NVIC_EnableIRQ
    hal_interface.o(i.HAL_UART_MspInit) refers to hal_interface.o(.bss) for .bss
    hal_interface.o(i.HAL_UartWrite) refers to stm32f1xx_hal_uart.o(i.HAL_UART_Transmit) for HAL_UART_Transmit
    hal_interface.o(i.HAL_UartWrite) refers to hal_interface.o(.bss) for .bss
    hal_interface.o(i.SystemClockConfig) refers to memseta.o(.text) for __aeabi_memclr4
    hal_interface.o(i.SystemClockConfig) refers to stm32f1xx_hal_rcc.o(i.HAL_RCC_OscConfig) for HAL_RCC_OscConfig
    hal_interface.o(i.SystemClockConfig) refers to stm32f1xx_hal_rcc.o(i.HAL_RCC_ClockConfig) for HAL_RCC_ClockConfig
    intoyun_datapoint.o(i._pow) refers to dmul.o(.text) for __aeabi_dmul
[...]
    .text                                    0x08000770   Section        0  dflti.o(.text)
    .text                                    0x08000792   Section        0  dfixi.o(.text)
    .text                                    0x080007d0   Section       48  cdcmple.o(.text)
    .text                                    0x08000800   Section       48  cdrcmple.o(.text)
    .text                                    0x08000830   Section        0  uidiv.o(.text)
    .text                                    0x0800085c   Section        0  uldiv.o(.text)
    .text                                    0x080008be   Section        0  llshl.o(.text)
    .text                                    0x080008dc   Section        0  llsshr.o(.text)
    .text                                    0x08000900   Section        0  _chval.o(.text)
    .text                                    0x0800091c   Section        0  scanf_char.o(.text)
    _scanf_char_input                        0x0800091d   Thumb Code    12  scanf_char.o(.text)
    .text                                    0x08000944   Section        0  _sgetc.o(.text)
    .text                                    0x08000984   Section        0  depilogue.o(.text)
    .text                                    0x08000984   Section        0  iusefp.o(.text)
    .text                                    0x08000a3e   Section        0  dfixul.o(.text)
    .text                                    0x08000a70   Section       36  init.o(.text)
    .text                                    0x08000a94   Section        0  isspace_c.o(.text)
    .text                                    0x08000aa0   Section        0  _scanf.o(.text)
    .text                                    0x08000dcc   Section        0  ctype_c.o(.text)
    i.BusFault_Handler                       0x08000df4   Section        0  stm32f1xx_it.o(i.BusFault_Handler)
    i.DebugMon_Handler                       0x08000df6   Section        0  stm32f1xx_it.o(i.DebugMon_Handler)
    i.HAL_Delay                              0x08000df8   Section        0  stm32f1xx_hal.o(i.HAL_Delay)
    i.HAL_GPIO_Init                          0x08000e10   Section        0  stm32f1xx_hal_gpio.o(i.HAL_GPIO_Init)
    i.HAL_GetTick                            0x08000fcc   Section        0  stm32f1xx_hal.o(i.HAL_GetTick)
    i.HAL_IncTick                            0x08000fd8   Section        0  stm32f1xx_hal.o(i.HAL_IncTick)
    i.HAL_Init                               0x08000fe8   Section        0  stm32f1xx_hal.o(i.HAL_Init)
    i.HAL_InitTick                           0x0800100c   Section        0  stm32f1xx_hal.o(i.HAL_InitTick)
    i.HAL_Millis                             0x0800102e   Section        0  hal_interface.o(i.HAL_Millis)
    i.HAL_MspInit                            0x08001032   Section        0  stm32f1xx_hal_msp_template.o(i.HAL_MspInit)
    i.HAL_NVIC_EnableIRQ                     0x08001034   Section        0  stm32f1xx_hal_cortex.o(i.HAL_NVIC_EnableIRQ)
    i.HAL_NVIC_SetPriority                   0x0800104c   Section        0  stm32f1xx_hal_cortex.o(i.HAL_NVIC_SetPriority)
    i.HAL_NVIC_SetPriorityGrouping           0x0800108c   Section        0  stm32f1xx_hal_cortex.o(i.HAL_NVIC_SetPriorityGrouping)
    i.HAL_Print                              0x080010b0   Section        0  hal_interface.o(i.HAL_Print)
    i.HAL_RCC_ClockConfig                    0x080010e0   Section        0  stm32f1xx_hal_rcc.o(i.HAL_RCC_ClockConfig)
    i.HAL_RCC_GetHCLKFreq                    0x08001268   Section        0  stm32f1xx_hal_rcc.o(i.HAL_RCC_GetHCLKFreq)
    i.HAL_RCC_GetPCLK1Freq                   0x08001274   Section        0  stm32f1xx_hal_rcc.o(i.HAL_RCC_GetPCLK1Freq)
    i.HAL_RCC_GetPCLK2Freq                   0x080012a4   Section        0  stm32f1xx_hal_rcc.o(i.HAL_RCC_GetPCLK2Freq)
    i.HAL_RCC_GetSysClockFreq                0x080012d4   Section        0  stm32f1xx_hal_rcc.o(i.HAL_RCC_GetSysClockFreq)
    i.HAL_RCC_OscConfig                      0x0800135c   Section        0  stm32f1xx_hal_rcc.o(i.HAL_RCC_OscConfig)
    i.HAL_SYSTICK_Config                     0x080018da   Section        0  stm32f1xx_hal_cortex.o(i.HAL_SYSTICK_Config)
    i.HAL_SystemInit                         0x08001904   Section        0  hal_interface.o(i.HAL_SystemInit)
    i.HAL_UART_Init                          0x0800195c   Section        0  stm32f1xx_hal_uart.o(i.HAL_UART_Init)
    i.HAL_UART_MspInit                       0x080019bc   Section        0  hal_interface.o(i.HAL_UART_MspInit)
    i.HAL_UART_Receive                       0x08001a78   Section        0  stm32f1xx_hal_uart.o(i.HAL_UART_Receive)
    i.HAL_UART_Transmit                      0x08001b44   Section        0  stm32f1xx_hal_uart.o(i.HAL_UART_Transmit)
    i.HAL_UartWrite                          0x08001c10   Section        0  hal_interface.o(i.HAL_UartWrite)
    i.HardFault_Handler                      0x08001c28   Section        0  stm32f1xx_it.o(i.HardFault_Handler)
    i.MD5Final                               0x08001c2a   Section        0  intoyun_md5.o(i.MD5Final)
    i.MD5Init                                0x08001c8c   Section        0  intoyun_md5.o(i.MD5Init)
    i.MD5Transform                           0x08001cb0   Section        0  intoyun_md5.o(i.MD5Transform)
    MD5Transform                             0x08001cb1   Thumb Code  1756  intoyun_md5.o(i.MD5Transform)
    i.MD5Update                              0x080023e8   Section        0  intoyun_md5.o(i.MD5Update)
    i.MemManage_Handler                      0x08002466   Section        0  stm32f1xx_it.o(i.MemManage_Handler)
    i.NMI_Handler                            0x08002468   Section        0  stm32f1xx_it.o(i.NMI_Handler)
    i.NVIC_SetPriority                       0x0800246a   Section        0  stm32f1xx_hal_cortex.o(i.NVIC_SetPriority)
    NVIC_SetPriority                         0x0800246b   Thumb Code    32  stm32f1xx_hal_cortex.o(i.NVIC_SetPriority)
    i.PendSV_Handler                         0x0800248a   Section        0  stm32f1xx_it.o(i.PendSV_Handler)
    i.PipeFree                               0x0800248c   Section        0  intoyun_protocol.o(i.PipeFree)
    PipeFree                                 0x0800248d   Thumb Code    20  intoyun_protocol.o(i.PipeFree)
    i.PipeGet                                0x080024a0   Section        0  intoyun_protocol.o(i.PipeGet)
    PipeGet                                  0x080024a1   Thumb Code    96  intoyun_protocol.o(i.PipeGet)
    i.PipeInc                                0x08002500   Section        0  intoyun_protocol.o(i.PipeInc)
    PipeInc                                  0x08002501   Thumb Code    14  intoyun_protocol.o(i.PipeInc)
    i.PipeNext                               0x0800250e   Section        0  intoyun_protocol.o(i.PipeNext)
    PipeNext                                 0x0800250f   Thumb Code    24  intoyun_protocol.o(i.PipeNext)
    i.PipeSet                                0x08002526   Section        0  intoyun_protocol.o(i.PipeSet)
    PipeSet                                  0x08002527   Thumb Code    34  intoyun_protocol.o(i.PipeSet)
    i.PipeSize                               0x08002548   Section        0  intoyun_protocol.o(i.PipeSize)
    PipeSize                                 0x08002549   Thumb Code    16  intoyun_protocol.o(i.PipeSize)
    i.ProtocolExecuteRestart                 0x08002558   Section        0  intoyun_protocol.o(i.ProtocolExecuteRestart)
    i.ProtocolExecuteRestore                 0x08002590   Section        0  intoyun_protocol.o(i.ProtocolExecuteRestore)
    i.ProtocolModuleActiveSendHandle         0x080025cc   Section        0  intoyun_protocol.o(i.ProtocolModuleActiveSendHandle)
    i.ProtocolParserFormated                 0x080025d8   Section        0  intoyun_protocol.o(i.ProtocolParserFormated)
    ProtocolParserFormated                   0x080025d9   Thumb Code   212  intoyun_protocol.o(i.ProtocolParserFormated)
    i.ProtocolParserGetOnePacket             0x080026ac   Section        0  intoyun_protocol.o(i.ProtocolParserGetOnePacket)
    ProtocolParserGetOnePacket               0x080026ad   Thumb Code   216  intoyun_protocol.o(i.ProtocolParserGetOnePacket)
    i.ProtocolParserInit                     0x08002788   Section        0  intoyun_protocol.o(i.ProtocolParserInit)
    i.ProtocolParserMatch                    0x0800286c   Section        0  intoyun_protocol.o(i.ProtocolParserMatch)
    ProtocolParserMatch                      0x0800286d   Thumb Code   120  intoyun_protocol.o(i.ProtocolParserMatch)
    i.ProtocolParserPlatformData             0x080028e4   Section        0  intoyun_protocol.o(i.ProtocolParserPlatformData)
    i.ProtocolParserSendFormated             0x080028f8   Section        0  intoyun_protocol.o(i.ProtocolParserSendFormated)
    ProtocolParserSendFormated               0x080028f9   Thumb Code    50  intoyun_protocol.o(i.ProtocolParserSendFormated)
    i.ProtocolParserWaitFinalResp            0x08002930   Section        0  intoyun_protocol.o(i.ProtocolParserWaitFinalResp)
    ProtocolParserWaitFinalResp              0x08002931   Thumb Code   504  intoyun_protocol.o(i.ProtocolParserWaitFinalResp)
    i.ProtocolPutPipe                        0x08002b98   Section        0  intoyun_protocol.o(i.ProtocolPutPipe)
    i.ProtocolQueryDevice                    0x08002bc8   Section        0  intoyun_protocol.o(i.ProtocolQueryDevice)
    i.ProtocolQueryDeviceCallback            0x08002c08   Section        0  intoyun_protocol.o(i.ProtocolQueryDeviceCallback)
    i.ProtocolQueryInfo                      0x08002c54   Section        0  intoyun_protocol.o(i.ProtocolQueryInfo)
    i.ProtocolQueryInfoCallback              0x08002c90   Section        0  intoyun_protocol.o(i.ProtocolQueryInfoCallback)
    i.ProtocolQueryMode                      0x08002ce0   Section        0  intoyun_protocol.o(i.ProtocolQueryMode)
    i.ProtocolQueryModeCallback              0x08002d18   Section        0  intoyun_protocol.o(i.ProtocolQueryModeCallback)
    i.ProtocolQueryNetTime                   0x08002d4c   Section        0  intoyun_protocol.o(i.ProtocolQueryNetTime)
    i.ProtocolQueryNetTimeCallback           0x08002d8c   Section        0  intoyun_protocol.o(i.ProtocolQueryNetTimeCallback)
    i.ProtocolQueryStatus                    0x08002df4   Section        0  intoyun_protocol.o(i.ProtocolQueryStatus)
    i.ProtocolQueryStatusCallback            0x08002e34   Section        0  intoyun_protocol.o(i.ProtocolQueryStatusCallback)
    i.ProtocolSendPlatformData               0x08002ed0   Section        0  intoyun_protocol.o(i.ProtocolSendPlatformData)
    i.ProtocolSetupDevice                    0x08002f3c   Section        0  intoyun_protocol.o(i.ProtocolSetupDevice)
    i.ProtocolSetupJoin                      0x08002f88   Section        0  intoyun_protocol.o(i.ProtocolSetupJoin)
    i.ProtocolSetupMode                      0x08002fc4   Section        0  intoyun_protocol.o(i.ProtocolSetupMode)
    i.ProtocolSetupRegister                  0x08003020   Section        0  intoyun_protocol.o(i.ProtocolSetupRegister)
    i.ProtocolSetupRegisterCallback          0x08003074   Section        0  intoyun_protocol.o(i.ProtocolSetupRegisterCallback)
    i.SVC_Handler                            0x080030ac   Section        0  stm32f1xx_it.o(i.SVC_Handler)
    i.SerialPipePut                          0x080030ae   Section        0  intoyun_protocol.o(i.SerialPipePut)
    SerialPipePut                            0x080030af   Thumb Code    26  intoyun_protocol.o(i.SerialPipePut)
    i.SysTick_Handler                        0x080030c8   Section        0  stm32f1xx_it.o(i.SysTick_Handler)
    i.SystemClockConfig                      0x080030cc   Section        0  hal_interface.o(i.SystemClockConfig)
    SystemClockConfig                        0x080030cd   Thumb Code   100  hal_interface.o(i.SystemClockConfig)
    i.SystemInit                             0x08003130   Section        0  system_stm32f1xx.o(i.SystemInit)
    i.UART_SetConfig                         0x08003178   Section        0  stm32f1xx_hal_uart.o(i.UART_SetConfig)
    UART_SetConfig                           0x08003179   Thumb Code   364  stm32f1xx_hal_uart.o(i.UART_SetConfig)
    i.UART_WaitOnFlagUntilTimeout            0x080032e8   Section        0  stm32f1xx_hal_uart.o(i.UART_WaitOnFlagUntilTimeout)
    UART_WaitOnFlagUntilTimeout              0x080032e9   Thumb Code   146  stm32f1xx_hal_uart.o(i.UART_WaitOnFlagUntilTimeout)
    i.USART1_IRQHandler                      0x0800337c   Section        0  stm32f1xx_it.o(i.USART1_IRQHandler)
    i.UsageFault_Handler                     0x080033a0   Section        0  stm32f1xx_it.o(i.UsageFault_Handler)
    i.__0snprintf                            0x080033a4   Section        0  printfa.o(i.__0snprintf)
    i.__0sprintf                             0x080033d4   Section        0  printfa.o(i.__0sprintf)
    i.__0vsnprintf                           0x080033fc   Section        0  printfa.o(i.__0vsnprintf)
    i.__scatterload_copy                     0x08003428   Section       14  handlers.o(i.__scatterload_copy)
    i.__scatterload_null                     0x08003436   Section        2  handlers.o(i.__scatterload_null)
    i.__scatterload_zeroinit                 0x08003438   Section       14  handlers.o(i.__scatterload_zeroinit)
    i._fp_digits                             0x08003448   Section        0  printfa.o(i._fp_digits)
    _fp_digits                               0x08003449   Thumb Code   366  printfa.o(i._fp_digits)
    i._log_print                             0x080035cc   Section        0  intoyun_log.o(i._log_print)
    i._log_print_dump                        0x08003630   Section        0  intoyun_log.o(i._log_print_dump)
    i._pow                                   0x08003684   Section        0  intoyun_datapoint.o(i._pow)
    _pow                                     0x08003685   Thumb Code    36  intoyun_datapoint.o(i._pow)
    i._printf_core                           0x080036ac   Section        0  printfa.o(i._printf_core)
    _printf_core                             0x080036ad   Thumb Code  1744  printfa.o(i._printf_core)
    i._printf_post_padding                   0x08003d88   Section        0  printfa.o(i._printf_post_padding)
    _printf_post_padding                     0x08003d89   Thumb Code    36  printfa.o(i._printf_post_padding)
    i._printf_pre_padding                    0x08003dac   Section        0  printfa.o(i._printf_pre_padding)
    _printf_pre_padding                      0x08003dad   Thumb Code    46  printfa.o(i._printf_pre_padding)
    i._snputc                                0x08003dda   Section        0  printfa.o(i._snputc)
    _snputc                                  0x08003ddb   Thumb Code    22  printfa.o(i._snputc)
    i._sputc                                 0x08003df0   Section        0  printfa.o(i._sputc)
    _sputc                                   0x08003df1   Thumb Code    10  printfa.o(i._sputc)
    i.delay                                  0x08003dfa   Section        0  intoyun_interface.o(i.delay)
    i.free                                   0x08003e24   Section        0  malloc.o(i.free)
    i.intoyunConnect                         0x08003e74   Section        0  intoyun_datapoint.o(i.intoyunConnect)
    i.intoyunConnected                       0x08003e7c   Section        0  intoyun_datapoint.o(i.intoyunConnected)
    i.intoyunDatapointControl                0x08003e8c   Section        0  intoyun_datapoint.o(i.intoyunDatapointControl)
    i.intoyunDatapointValueInit              0x08003eb0   Section        0  intoyun_datapoint.o(i.intoyunDatapointValueInit)
    intoyunDatapointValueInit                0x08003eb1   Thumb Code    58  intoyun_datapoint.o(i.intoyunDatapointValueInit)
    i.intoyunDefineDatapointBinary           0x08003ef0   Section        0  intoyun_datapoint.o(i.intoyunDefineDatapointBinary)
    i.intoyunDefineDatapointBool             0x08003f54   Section        0  intoyun_datapoint.o(i.intoyunDefineDatapointBool)
    i.intoyunDefineDatapointEnum             0x08003f94   Section        0  intoyun_datapoint.o(i.intoyunDefineDatapointEnum)
    i.intoyunDefineDatapointNumber           0x08003fd8   Section        0  intoyun_datapoint.o(i.intoyunDefineDatapointNumber)
    i.intoyunDefineDatapointString           0x0800406c   Section        0  intoyun_datapoint.o(i.intoyunDefineDatapointString)
    i.intoyunDeviceRegister                  0x080040cc   Section        0  intoyun_datapoint.o(i.intoyunDeviceRegister)
    intoyunDeviceRegister                    0x080040cd   Thumb Code   188  intoyun_datapoint.o(i.intoyunDeviceRegister)
    i.intoyunDisconnect                      0x08004228   Section        0  intoyun_datapoint.o(i.intoyunDisconnect)
    i.intoyunDisconnected                    0x08004230   Section        0  intoyun_datapoint.o(i.intoyunDisconnected)
    i.intoyunDiscoverProperty                0x08004244   Section        0  intoyun_datapoint.o(i.intoyunDiscoverProperty)
    intoyunDiscoverProperty                  0x08004245   Thumb Code    38  intoyun_datapoint.o(i.intoyunDiscoverProperty)
    i.intoyunExecuteRestart                  0x08004274   Section        0  intoyun_datapoint.o(i.intoyunExecuteRestart)
    i.intoyunExecuteRestore                  0x08004278   Section        0  intoyun_datapoint.o(i.intoyunExecuteRestore)
    i.intoyunFormDataPointBinary             0x0800427c   Section        0  intoyun_datapoint.o(i.intoyunFormDataPointBinary)
    intoyunFormDataPointBinary               0x0800427d   Thumb Code   314  intoyun_datapoint.o(i.intoyunFormDataPointBinary)
    i.intoyunGetDevice                       0x080043c0   Section        0  intoyun_datapoint.o(i.intoyunGetDevice)
    i.intoyunGetInfo                         0x08004474   Section        0  intoyun_datapoint.o(i.intoyunGetInfo)
    i.intoyunGetMode                         0x08004528   Section        0  intoyun_datapoint.o(i.intoyunGetMode)
    i.intoyunGetNetTime                      0x08004532   Section        0  intoyun_datapoint.o(i.intoyunGetNetTime)
    i.intoyunGetPropertyPermissionUpCount    0x08004570   Section        0  intoyun_datapoint.o(i.intoyunGetPropertyPermissionUpCount)
    intoyunGetPropertyPermissionUpCount      0x08004571   Thumb Code    50  intoyun_datapoint.o(i.intoyunGetPropertyPermissionUpCount)
    i.intoyunGetStatus                       0x080045ac   Section        0  intoyun_datapoint.o(i.intoyunGetStatus)
    i.intoyunInit                            0x08004620   Section        0  intoyun_datapoint.o(i.intoyunInit)
    i.intoyunLoop                            0x08004678   Section        0  intoyun_datapoint.o(i.intoyunLoop)
    i.intoyunParseReceiveDatapoints          0x08004690   Section        0  intoyun_datapoint.o(i.intoyunParseReceiveDatapoints)
    i.intoyunPlatformWriteDatapointBinary    0x08004928   Section        0  intoyun_datapoint.o(i.intoyunPlatformWriteDatapointBinary)
    intoyunPlatformWriteDatapointBinary      0x08004929   Thumb Code   152  intoyun_datapoint.o(i.intoyunPlatformWriteDatapointBinary)
    i.intoyunPlatformWriteDatapointBool      0x080049c4   Section        0  intoyun_datapoint.o(i.intoyunPlatformWriteDatapointBool)
    intoyunPlatformWriteDatapointBool        0x080049c5   Thumb Code    92  intoyun_datapoint.o(i.intoyunPlatformWriteDatapointBool)
    i.intoyunPlatformWriteDatapointEnum      0x08004a24   Section        0  intoyun_datapoint.o(i.intoyunPlatformWriteDatapointEnum)
    intoyunPlatformWriteDatapointEnum        0x08004a25   Thumb Code    88  intoyun_datapoint.o(i.intoyunPlatformWriteDatapointEnum)
    i.intoyunPlatformWriteDatapointNumberDouble 0x08004a80   Section        0  intoyun_datapoint.o(i.intoyunPlatformWriteDatapointNumberDouble)
    intoyunPlatformWriteDatapointNumberDouble 0x08004a81   Thumb Code   238  intoyun_datapoint.o(i.intoyunPlatformWriteDatapointNumberDouble)
    i.intoyunPlatformWriteDatapointNumberInt32 0x08004b78   Section        0  intoyun_datapoint.o(i.intoyunPlatformWriteDatapointNumberInt32)
    intoyunPlatformWriteDatapointNumberInt32 0x08004b79   Thumb Code   172  intoyun_datapoint.o(i.intoyunPlatformWriteDatapointNumberInt32)
    i.intoyunPlatformWriteDatapointString    0x08004c28   Section        0  intoyun_datapoint.o(i.intoyunPlatformWriteDatapointString)
    intoyunPlatformWriteDatapointString      0x08004c29   Thumb Code   208  intoyun_datapoint.o(i.intoyunPlatformWriteDatapointString)
    i.intoyunPropertyChangeClear             0x08004d3c   Section        0  intoyun_datapoint.o(i.intoyunPropertyChangeClear)
    intoyunPropertyChangeClear               0x08004d3d   Thumb Code    34  intoyun_datapoint.o(i.intoyunPropertyChangeClear)
    i.intoyunPutPipe                         0x08004d68   Section        0  intoyun_datapoint.o(i.intoyunPutPipe)
    i.intoyunReadDatapointBinary             0x08004d6c   Section        0  intoyun_datapoint.o(i.intoyunReadDatapointBinary)
    i.intoyunReadDatapointBool               0x08004db8   Section        0  intoyun_datapoint.o(i.intoyunReadDatapointBool)
    i.intoyunReadDatapointEnum               0x08004de4   Section        0  intoyun_datapoint.o(i.intoyunReadDatapointEnum)
    i.intoyunReadDatapointNumberDouble       0x08004e10   Section        0  intoyun_datapoint.o(i.intoyunReadDatapointNumberDouble)
    i.intoyunReadDatapointNumberInt32        0x08004e40   Section        0  intoyun_datapoint.o(i.intoyunReadDatapointNumberInt32)
    i.intoyunReadDatapointString             0x08004e6c   Section        0  intoyun_datapoint.o(i.intoyunReadDatapointString)
    i.intoyunSendAllDatapointManual          0x08004eb4   Section        0  intoyun_datapoint.o(i.intoyunSendAllDatapointManual)
    i.intoyunSendCustomData                  0x08004ee8   Section        0  intoyun_datapoint.o(i.intoyunSendCustomData)
    i.intoyunSendDatapointAll                0x08004f18   Section        0  intoyun_datapoint.o(i.intoyunSendDatapointAll)
    intoyunSendDatapointAll                  0x08004f19   Thumb Code   130  intoyun_datapoint.o(i.intoyunSendDatapointAll)
    i.intoyunSendDatapointAutomatic          0x08004fcc   Section        0  intoyun_datapoint.o(i.intoyunSendDatapointAutomatic)
    i.intoyunSendDatapointBinary             0x08005044   Section        0  intoyun_datapoint.o(i.intoyunSendDatapointBinary)
    i.intoyunSendDatapointBool               0x08005094   Section        0  intoyun_datapoint.o(i.intoyunSendDatapointBool)
    i.intoyunSendDatapointEnum               0x080050dc   Section        0  intoyun_datapoint.o(i.intoyunSendDatapointEnum)
    i.intoyunSendDatapointNumberDouble       0x08005124   Section        0  intoyun_datapoint.o(i.intoyunSendDatapointNumberDouble)
    i.intoyunSendDatapointNumberInt32        0x08005174   Section        0  intoyun_datapoint.o(i.intoyunSendDatapointNumberInt32)
    i.intoyunSendDatapointString             0x080051bc   Section        0  intoyun_datapoint.o(i.intoyunSendDatapointString)
    i.intoyunSendSingleDatapoint             0x08005204   Section        0  intoyun_datapoint.o(i.intoyunSendSingleDatapoint)
    intoyunSendSingleDatapoint               0x08005205   Thumb Code    74  intoyun_datapoint.o(i.intoyunSendSingleDatapoint)
    i.intoyunSetDevice                       0x08005254   Section        0  intoyun_datapoint.o(i.intoyunSetDevice)
    i.intoyunSetEventCallback                0x080052c0   Section        0  intoyun_datapoint.o(i.intoyunSetEventCallback)
    i.intoyunSetMode                         0x080052d0   Section        0  intoyun_datapoint.o(i.intoyunSetMode)
    i.intoyunTransmitData                    0x080052de   Section        0  intoyun_datapoint.o(i.intoyunTransmitData)
    intoyunTransmitData                      0x080052df   Thumb Code     4  intoyun_datapoint.o(i.intoyunTransmitData)
    i.intoyunWriteDatapointBinary            0x080052e2   Section        0  intoyun_datapoint.o(i.intoyunWriteDatapointBinary)
    i.intoyunWriteDatapointBool              0x080052e8   Section        0  intoyun_datapoint.o(i.intoyunWriteDatapointBool)
    i.intoyunWriteDatapointEnum              0x080052ee   Section        0  intoyun_datapoint.o(i.intoyunWriteDatapointEnum)
    i.intoyunWriteDatapointNumberDouble      0x080052f4   Section        0  intoyun_datapoint.o(i.intoyunWriteDatapointNumberDouble)
    i.intoyunWriteDatapointNumberInt32       0x08005300   Section        0  intoyun_datapoint.o(i.intoyunWriteDatapointNumberInt32)
    i.intoyunWriteDatapointString            0x08005306   Section        0  intoyun_datapoint.o(i.intoyunWriteDatapointString)
    i.main                                   0x0800530c   Section        0  main.o(i.main)
    i.malloc                                 0x08005324   Section        0  malloc.o(i.malloc)
    i.md5_add                                0x08005390   Section        0  intoyun_md5.o(i.md5_add)
    i.md5_begin                              0x080053a0   Section        0  intoyun_md5.o(i.md5_begin)
    i.md5_calculate                          0x080053b4   Section        0  intoyun_md5.o(i.md5_calculate)
    i.md5_output                             0x080053c4   Section        0  intoyun_md5.o(i.md5_output)
    i.millis                                 0x08005434   Section        0  intoyun_interface.o(i.millis)
    i.system_event_callback                  0x08005438   Section        0  main.o(i.system_event_callback)
    i.timerGetId                             0x08005490   Section        0  intoyun_interface.o(i.timerGetId)
    i.timerIsEnd                             0x08005494   Section        0  intoyun_interface.o(i.timerIsEnd)
    i.userHandle                             0x080054b8   Section        0  main.o(i.userHandle)
    i.userInit                               0x08005504   Section        0  main.o(i.userInit)
    .constdata                               0x08005608   Section       16  system_stm32f1xx.o(.constdata)
    .constdata                               0x08005618   Section        8  system_stm32f1xx.o(.constdata)
    .constdata                               0x08005620   Section       56  intoyun_interface.o(.constdata)
    .constdata                               0x08005658   Section      116  intoyun_interface.o(.constdata)
    .constdata                               0x080056cc   Section       64  ctype_c.o(.constdata)
    .conststring                             0x0800570c   Section       71  intoyun_protocol.o(.conststring)
    .data                                    0x20000000   Section       53  main.o(.data)
    .data                                    0x20000038   Section        4  system_stm32f1xx.o(.data)
    .data                                    0x2000003c   Section       32  intoyun_datapoint.o(.data)
    at_mode                                  0x2000003e   Data           1  intoyun_datapoint.o(.data)
    deviceRegisterEn                         0x2000003f   Data           1  intoyun_datapoint.o(.data)
    deviceRegisterCnt                        0x20000040   Data           1  intoyun_datapoint.o(.data)
    deviceRegisterID                         0x2000004c   Data           4  intoyun_datapoint.o(.data)
    .data                                    0x2000005c   Section       84  intoyun_protocol.o(.data)
    parserInitDone                           0x2000005c   Data           1  intoyun_protocol.o(.data)
    cancelAllOperations                      0x2000005d   Data           1  intoyun_protocol.o(.data)
    lutF                                     0x20000060   Data           8  intoyun_protocol.o(.data)
    lut                                      0x20000068   Data          72  intoyun_protocol.o(.data)
    .data                                    0x200000b0   Section        4  stm32f1xx_hal.o(.data)
    uwTick                                   0x200000b0   Data           4  stm32f1xx_hal.o(.data)
    .data                                    0x200000b4   Section        4  mvars.o(.data)
    .data                                    0x200000b8   Section        4  mvars.o(.data)
    .bss                                     0x200000bc   Section      128  hal_interface.o(.bss)
    .bss                                     0x2000013c   Section      250  intoyun_datapoint.o(.bss)
    product_id                               0x20000204   Data          17  intoyun_datapoint.o(.bss)
    product_secret                           0x20000215   Data          33  intoyun_datapoint.o(.bss)
    .bss                                     0x20000238   Section      104  intoyun_md5.o(.bss)
    _md5Buffer                               0x20000290   Data          16  intoyun_md5.o(.bss)
    .bss                                     0x200002a0   Section       24  intoyun_protocol.o(.bss)
    HEAP                                     0x200002b8   Section     2048  startup_stm32f103xb.o(HEAP)
    STACK                                    0x20000ab8   Section     1024  startup_stm32f103xb.o(STACK)

    Global Symbols

    Symbol Name                              Value     Ov Type        Size  Object(Section)

    BuildAttributes$$THM_ISAv4$P$D$K$B$S$PE$A:L22UL41UL21$X:L11$S22US41US21$IEEE1$IW$USESV6$~STKCKD$USESV7$~SHL$OSPACE$ROPI$EBA8$MICROLIB$REQ8$PRES8$EABIv2 0x00000000   Number         0  anon$$obj.o ABSOLUTE
    __ARM_use_no_argv                        0x00000000   Number         0  main.o ABSOLUTE
    _printf_a                                0x00000000   Number         0  stubs.o ABSOLUTE
    _printf_c                                0x00000000   Number         0  stubs.o ABSOLUTE
    _printf_charcount                        0x00000000   Number         0  stubs.o ABSOLUTE
    _printf_d                                0x00000000   Number         0  stubs.o ABSOLUTE
    _printf_e                                0x00000000   Number         0  stubs.o ABSOLUTE
    _printf_f                                0x00000000   Number         0  stubs.o ABSOLUTE
    _printf_flags                            0x00000000   Number         0  stubs.o ABSOLUTE
    _printf_fp_dec                           0x00000000   Number         0  stubs.o ABSOLUTE
    _printf_fp_hex                           0x00000000   Number         0  stubs.o ABSOLUTE
    _printf_g                                0x00000000   Number         0  stubs.o ABSOLUTE
    _printf_i                                0x00000000   Number         0  stubs.o ABSOLUTE
    _printf_int_dec                          0x00000000   Number         0  stubs.o ABSOLUTE
    _printf_l                                0x00000000   Number         0  stubs.o ABSOLUTE
    _printf_lc                               0x00000000   Number         0  stubs.o ABSOLUTE
    _printf_ll                               0x00000000   Number         0  stubs.o ABSOLUTE
    _printf_lld                              0x00000000   Number         0  stubs.o ABSOLUTE
    _printf_lli                              0x00000000   Number         0  stubs.o ABSOLUTE
    _printf_llo                              0x00000000   Number         0  stubs.o ABSOLUTE
    _printf_llu                              0x00000000   Number         0  stubs.o ABSOLUTE
    _printf_llx                              0x00000000   Number         0  stubs.o ABSOLUTE
    _printf_longlong_dec                     0x00000000   Number         0  stubs.o ABSOLUTE
    _printf_longlong_hex                     0x00000000   Number         0  stubs.o ABSOLUTE
    _printf_longlong_oct                     0x00000000   Number         0  stubs.o ABSOLUTE
    _printf_ls                               0x00000000   Number         0  stubs.o ABSOLUTE
    _printf_mbtowc                           0x00000000   Number         0  stubs.o ABSOLUTE
    _printf_n                                0x00000000   Number         0  stubs.o ABSOLUTE
    _printf_o                                0x00000000   Number         0  stubs.o ABSOLUTE
    _printf_p                                0x00000000   Number         0  stubs.o ABSOLUTE
    _printf_percent                          0x00000000   Number         0  stubs.o ABSOLUTE
    _printf_pre_padding                      0x00000000   Number         0  stubs.o ABSOLUTE
    _printf_return_value                     0x00000000   Number         0  stubs.o ABSOLUTE
    _printf_s                                0x00000000   Number         0  stubs.o ABSOLUTE
    _printf_sizespec                         0x00000000   Number         0  stubs.o ABSOLUTE
    _printf_str                              0x00000000   Number         0  stubs.o ABSOLUTE
    _printf_truncate_signed                  0x00000000   Number         0  stubs.o ABSOLUTE
    _printf_truncate_unsigned                0x00000000   Number         0  stubs.o ABSOLUTE
    _printf_u                                0x00000000   Number         0  stubs.o ABSOLUTE
    _printf_wc                               0x00000000   Number         0  stubs.o ABSOLUTE
    _printf_wctomb                           0x00000000   Number         0  stubs.o ABSOLUTE
    _printf_widthprec                        0x00000000   Number         0  stubs.o ABSOLUTE
    _printf_x                                0x00000000   Number         0  stubs.o ABSOLUTE
    __cpp_initialize__aeabi_                  - Undefined Weak Reference
    __cxa_finalize                            - Undefined Weak Reference
    __decompress                              - Undefined Weak Reference
    _clock_init                               - Undefined Weak Reference
    _microlib_exit                            - Undefined Weak Reference
    _scanf_longlong                           - Undefined Weak Reference
    _scanf_real                               - Undefined Weak Reference
    __Vectors_Size                           0x000000ec   Number         0  startup_stm32f103xb.o ABSOLUTE
    __Vectors                                0x08000000   Data           4  startup_stm32f103xb.o(RESET)
    __Vectors_End                            0x080000ec   Data           0  startup_stm32f103xb.o(RESET)
    __main                                   0x080000ed   Thumb Code     0  entry.o(.ARM.Collect$$$$00000000)
    _main_stk                                0x080000ed   Thumb Code     0  entry2.o(.ARM.Collect$$$$00000001)
    _main_scatterload                        0x080000f1   Thumb Code     0  entry5.o(.ARM.Collect$$$$00000004)
    __main_after_scatterload                 0x080000f5   Thumb Code     0  entry5.o(.ARM.Collect$$$$00000004)
    _main_clock                              0x080000f5   Thumb Code     0  entry7b.o(.ARM.Collect$$$$00000008)
    _main_cpp_init                           0x080000f5   Thumb Code     0  entry8b.o(.ARM.Collect$$$$0000000A)
    _main_init                               0x080000f5   Thumb Code     0  entry9a.o(.ARM.Collect$$$$0000000B)
    __rt_final_cpp                           0x080000fd   Thumb Code     0  entry10a.o(.ARM.Collect$$$$0000000D)
    __rt_final_exit                          0x080000fd   Thumb Code     0  entry11a.o(.ARM.Collect$$$$0000000F)
    Reset_Handler                            0x08000101   Thumb Code     8  startup_stm32f103xb.o(.text)
    ADC1_2_IRQHandler                        0x0800011b   Thumb Code     0  startup_stm32f103xb.o(.text)
    CAN1_RX1_IRQHandler                      0x0800011b   Thumb Code     0  startup_stm32f103xb.o(.text)
    CAN1_SCE_IRQHandler                      0x0800011b   Thumb Code     0  startup_stm32f103xb.o(.text)
    DMA1_Channel1_IRQHandler                 0x0800011b   Thumb Code     0  startup_stm32f103xb.o(.text)
    DMA1_Channel2_IRQHandler                 0x0800011b   Thumb Code     0  startup_stm32f103xb.o(.text)
    DMA1_Channel3_IRQHandler                 0x0800011b   Thumb Code     0  startup_stm32f103xb.o(.text)
    DMA1_Channel4_IRQHandler                 0x0800011b   Thumb Code     0  startup_stm32f103xb.o(.text)
    DMA1_Channel5_IRQHandler                 0x0800011b   Thumb Code     0  startup_stm32f103xb.o(.text)
    DMA1_Channel6_IRQHandler                 0x0800011b   Thumb Code     0  startup_stm32f103xb.o(.text)
    DMA1_Channel7_IRQHandler                 0x0800011b   Thumb Code     0  startup_stm32f103xb.o(.text)
    EXTI0_IRQHandler                         0x0800011b   Thumb Code     0  startup_stm32f103xb.o(.text)
    EXTI15_10_IRQHandler                     0x0800011b   Thumb Code     0  startup_stm32f103xb.o(.text)
    EXTI1_IRQHandler                         0x0800011b   Thumb Code     0  startup_stm32f103xb.o(.text)
    EXTI2_IRQHandler                         0x0800011b   Thumb Code     0  startup_stm32f103xb.o(.text)
    EXTI3_IRQHandler                         0x0800011b   Thumb Code     0  startup_stm32f103xb.o(.text)
    EXTI4_IRQHandler                         0x0800011b   Thumb Code     0  startup_stm32f103xb.o(.text)
    EXTI9_5_IRQHandler                       0x0800011b   Thumb Code     0  startup_stm32f103xb.o(.text)
    FLASH_IRQHandler                         0x0800011b   Thumb Code     0  startup_stm32f103xb.o(.text)
    I2C1_ER_IRQHandler                       0x0800011b   Thumb Code     0  startup_stm32f103xb.o(.text)
    I2C1_EV_IRQHandler                       0x0800011b   Thumb Code     0  startup_stm32f103xb.o(.text)
    I2C2_ER_IRQHandler                       0x0800011b   Thumb Code     0  startup_stm32f103xb.o(.text)
    I2C2_EV_IRQHandler                       0x0800011b   Thumb Code     0  startup_stm32f103xb.o(.text)
    PVD_IRQHandler                           0x0800011b   Thumb Code     0  startup_stm32f103xb.o(.text)
    RCC_IRQHandler                           0x0800011b   Thumb Code     0  startup_stm32f103xb.o(.text)
    RTC_Alarm_IRQHandler                     0x0800011b   Thumb Code     0  startup_stm32f103xb.o(.text)
    RTC_IRQHandler                           0x0800011b   Thumb Code     0  startup_stm32f103xb.o(.text)
    SPI1_IRQHandler                          0x0800011b   Thumb Code     0  startup_stm32f103xb.o(.text)
    SPI2_IRQHandler                          0x0800011b   Thumb Code     0  startup_stm32f103xb.o(.text)
    TAMPER_IRQHandler                        0x0800011b   Thumb Code     0  startup_stm32f103xb.o(.text)
    TIM1_BRK_IRQHandler                      0x0800011b   Thumb Code     0  startup_stm32f103xb.o(.text)
    TIM1_CC_IRQHandler                       0x0800011b   Thumb Code     0  startup_stm32f103xb.o(.text)
    TIM1_TRG_COM_IRQHandler                  0x0800011b   Thumb Code     0  startup_stm32f103xb.o(.text)
    TIM1_UP_IRQHandler                       0x0800011b   Thumb Code     0  startup_stm32f103xb.o(.text)
    TIM2_IRQHandler                          0x0800011b   Thumb Code     0  startup_stm32f103xb.o(.text)
    TIM3_IRQHandler                          0x0800011b   Thumb Code     0  startup_stm32f103xb.o(.text)
    TIM4_IRQHandler                          0x0800011b   Thumb Code     0  startup_stm32f103xb.o(.text)
    USART2_IRQHandler                        0x0800011b   Thumb Code     0  startup_stm32f103xb.o(.text)
    USART3_IRQHandler                        0x0800011b   Thumb Code     0  startup_stm32f103xb.o(.text)
    USBWakeUp_IRQHandler                     0x0800011b   Thumb Code     0  startup_stm32f103xb.o(.text)
    USB_HP_CAN1_TX_IRQHandler                0x0800011b   Thumb Code     0  startup_stm32f103xb.o(.text)
    USB_LP_CAN1_RX0_IRQHandler               0x0800011b   Thumb Code     0  startup_stm32f103xb.o(.text)
    WWDG_IRQHandler                          0x0800011b   Thumb Code     0  startup_stm32f103xb.o(.text)
    __aeabi_llsr                             0x08000125   Thumb Code    32  llushr.o(.text)
    _ll_ushift_r                             0x08000125   Thumb Code     0  llushr.o(.text)
    __aeabi_memcpy                           0x08000145   Thumb Code    36  memcpya.o(.text)
    __aeabi_memcpy4                          0x08000145   Thumb Code     0  memcpya.o(.text)
    __aeabi_memcpy8                          0x08000145   Thumb Code     0  memcpya.o(.text)
    __aeabi_memset                           0x08000169   Thumb Code    14  memseta.o(.text)
    __aeabi_memset4                          0x08000169   Thumb Code     0  memseta.o(.text)
    __aeabi_memset8                          0x08000169   Thumb Code     0  memseta.o(.text)
    __aeabi_memclr                           0x08000177   Thumb Code     4  memseta.o(.text)
    __aeabi_memclr4                          0x08000177   Thumb Code     0  memseta.o(.text)
    __aeabi_memclr8                          0x08000177   Thumb Code     0  memseta.o(.text)
    _memset$wrapper                          0x0800017b   Thumb Code    18  memseta.o(.text)
    strncpy                                  0x0800018d   Thumb Code    24  strncpy.o(.text)
    strchr                                   0x080001a5   Thumb Code    20  strchr.o(.text)
    strlen                                   0x080001b9   Thumb Code    14  strlen.o(.text)
    strcmp                                   0x080001c7   Thumb Code    28  strcmp.o(.text)
    memcmp                                   0x080001e3   Thumb Code    26  memcmp.o(.text)
    __0sscanf                                0x080001fd   Thumb Code    48  __0sscanf.o(.text)
    _scanf_int                               0x08000235   Thumb Code   332  _scanf_int.o(.text)
    _scanf_string                            0x08000381   Thumb Code   224  _scanf_str.o(.text)
    __aeabi_dadd                             0x08000461   Thumb Code   322  dadd.o(.text)
    __aeabi_dsub                             0x080005a3   Thumb Code     6  dadd.o(.text)
    __aeabi_drsub                            0x080005a9   Thumb Code     6  dadd.o(.text)
    __aeabi_dmul                             0x080005af   Thumb Code   228  dmul.o(.text)
    __aeabi_ddiv                             0x08000693   Thumb Code   222  ddiv.o(.text)
    __aeabi_i2d                              0x08000771   Thumb Code    34  dflti.o(.text)
    __aeabi_d2iz                             0x08000793   Thumb Code    62  dfixi.o(.text)
    __aeabi_cdcmpeq                          0x080007d1   Thumb Code     0  cdcmple.o(.text)
    __aeabi_cdcmple                          0x080007d1   Thumb Code    48  cdcmple.o(.text)
    __aeabi_cdrcmple                         0x08000801   Thumb Code    48  cdrcmple.o(.text)
    __aeabi_uidiv                            0x08000831   Thumb Code     0  uidiv.o(.text)
    __aeabi_uidivmod                         0x08000831   Thumb Code    44  uidiv.o(.text)
    __aeabi_uldivmod                         0x0800085d   Thumb Code    98  uldiv.o(.text)
    __aeabi_llsl                             0x080008bf   Thumb Code    30  llshl.o(.text)
    _ll_shift_l                              0x080008bf   Thumb Code     0  llshl.o(.text)
    __aeabi_lasr                             0x080008dd   Thumb Code    36  llsshr.o(.text)
    _ll_sshift_r                             0x080008dd   Thumb Code     0  llsshr.o(.text)
    _chval                                   0x08000901   Thumb Code    28  _chval.o(.text)
    __vfscanf_char                           0x08000929   Thumb Code    20  scanf_char.o(.text)
    _sgetc                                   0x08000945   Thumb Code    30  _sgetc.o(.text)
    _sbackspace                              0x08000963   Thumb Code    34  _sgetc.o(.text)
    __I$use$fp                               0x08000985   Thumb Code     0  iusefp.o(.text)
    _double_round                            0x08000985   Thumb Code    30  depilogue.o(.text)
    _double_epilogue                         0x080009a3   Thumb Code   156  depilogue.o(.text)
    __aeabi_d2ulz                            0x08000a3f   Thumb Code    48  dfixul.o(.text)
    __scatterload                            0x08000a71   Thumb Code    28  init.o(.text)
    __scatterload_rt2                        0x08000a71   Thumb Code     0  init.o(.text)
    isspace                                  0x08000a95   Thumb Code    10  isspace_c.o(.text)
    __vfscanf                                0x08000aa1   Thumb Code   808  _scanf.o(.text)
    __ctype_lookup                           0x08000dcd   Thumb Code    34  ctype_c.o(.text)
    BusFault_Handler                         0x08000df5   Thumb Code     2  stm32f1xx_it.o(i.BusFault_Handler)
    DebugMon_Handler                         0x08000df7   Thumb Code     2  stm32f1xx_it.o(i.DebugMon_Handler)
    HAL_Delay                                0x08000df9   Thumb Code    22  stm32f1xx_hal.o(i.HAL_Delay)
    HAL_GPIO_Init                            0x08000e11   Thumb Code   408  stm32f1xx_hal_gpio.o(i.HAL_GPIO_Init)
    HAL_GetTick                              0x08000fcd   Thumb Code     6  stm32f1xx_hal.o(i.HAL_GetTick)
    HAL_IncTick                              0x08000fd9   Thumb Code    10  stm32f1xx_hal.o(i.HAL_IncTick)
    HAL_Init                                 0x08000fe9   Thumb Code    32  stm32f1xx_hal.o(i.HAL_Init)
    HAL_InitTick                             0x0800100d   Thumb Code    34  stm32f1xx_hal.o(i.HAL_InitTick)
    HAL_Millis                               0x0800102f   Thumb Code     4  hal_interface.o(i.HAL_Millis)
    HAL_MspInit                              0x08001033   Thumb Code     2  stm32f1xx_hal_msp_template.o(i.HAL_MspInit)
    HAL_NVIC_EnableIRQ                       0x08001035   Thumb Code    22  stm32f1xx_hal_cortex.o(i.HAL_NVIC_EnableIRQ)
    HAL_NVIC_SetPriority                     0x0800104d   Thumb Code    60  stm32f1xx_hal_cortex.o(i.HAL_NVIC_SetPriority)
    HAL_NVIC_SetPriorityGrouping             0x0800108d   Thumb Code    26  stm32f1xx_hal_cortex.o(i.HAL_NVIC_SetPriorityGrouping)
    HAL_Print                                0x080010b1   Thumb Code    42  hal_interface.o(i.HAL_Print)
    HAL_RCC_ClockConfig                      0x080010e1   Thumb Code   374  stm32f1xx_hal_rcc.o(i.HAL_RCC_ClockConfig)
    HAL_RCC_GetHCLKFreq                      0x08001269   Thumb Code     6  stm32f1xx_hal_rcc.o(i.HAL_RCC_GetHCLKFreq)
    HAL_RCC_GetPCLK1Freq                     0x08001275   Thumb Code    34  stm32f1xx_hal_rcc.o(i.HAL_RCC_GetPCLK1Freq)
    HAL_RCC_GetPCLK2Freq                     0x080012a5   Thumb Code    34  stm32f1xx_hal_rcc.o(i.HAL_RCC_GetPCLK2Freq)
    HAL_RCC_GetSysClockFreq                  0x080012d5   Thumb Code   102  stm32f1xx_hal_rcc.o(i.HAL_RCC_GetSysClockFreq)
    HAL_RCC_OscConfig                        0x0800135d   Thumb Code  1406  stm32f1xx_hal_rcc.o(i.HAL_RCC_OscConfig)
    HAL_SYSTICK_Config                       0x080018db   Thumb Code    40  stm32f1xx_hal_cortex.o(i.HAL_SYSTICK_Config)
    HAL_SystemInit                           0x08001905   Thumb Code    76  hal_interface.o(i.HAL_SystemInit)
    HAL_UART_Init                            0x0800195d   Thumb Code    94  stm32f1xx_hal_uart.o(i.HAL_UART_Init)
    HAL_UART_MspInit                         0x080019bd   Thumb Code   168  hal_interface.o(i.HAL_UART_MspInit)
    HAL_UART_Receive                         0x08001a79   Thumb Code   204  stm32f1xx_hal_uart.o(i.HAL_UART_Receive)
    HAL_UART_Transmit                        0x08001b45   Thumb Code   204  stm32f1xx_hal_uart.o(i.HAL_UART_Transmit)
    HAL_UartWrite                            0x08001c11   Thumb Code    20  hal_interface.o(i.HAL_UartWrite)
    HardFault_Handler                        0x08001c29   Thumb Code     2  stm32f1xx_it.o(i.HardFault_Handler)
    MD5Final                                 0x08001c2b   Thumb Code    98  intoyun_md5.o(i.MD5Final)
    MD5Init                                  0x08001c8d   Thumb Code    28  intoyun_md5.o(i.MD5Init)
    MD5Update                                0x080023e9   Thumb Code   126  intoyun_md5.o(i.MD5Update)
    MemManage_Handler                        0x08002467   Thumb Code     2  stm32f1xx_it.o(i.MemManage_Handler)
    NMI_Handler                              0x08002469   Thumb Code     2  stm32f1xx_it.o(i.NMI_Handler)
    PendSV_Handler                           0x0800248b   Thumb Code     2  stm32f1xx_it.o(i.PendSV_Handler)
    ProtocolExecuteRestart                   0x08002559   Thumb Code    38  intoyun_protocol.o(i.ProtocolExecuteRestart)
    ProtocolExecuteRestore                   0x08002591   Thumb Code    38  intoyun_protocol.o(i.ProtocolExecuteRestore)
    ProtocolModuleActiveSendHandle           0x080025cd   Thumb Code    10  intoyun_protocol.o(i.ProtocolModuleActiveSendHandle)
    ProtocolParserInit                       0x08002789   Thumb Code   148  intoyun_protocol.o(i.ProtocolParserInit)
    ProtocolParserPlatformData               0x080028e5   Thumb Code    20  intoyun_protocol.o(i.ProtocolParserPlatformData)
    ProtocolPutPipe                          0x08002b99   Thumb Code    44  intoyun_protocol.o(i.ProtocolPutPipe)
    ProtocolQueryDevice                      0x08002bc9   Thumb Code    40  intoyun_protocol.o(i.ProtocolQueryDevice)
    ProtocolQueryDeviceCallback              0x08002c09   Thumb Code    40  intoyun_protocol.o(i.ProtocolQueryDeviceCallback)
    ProtocolQueryInfo                        0x08002c55   Thumb Code    40  intoyun_protocol.o(i.ProtocolQueryInfo)
    ProtocolQueryInfoCallback                0x08002c91   Thumb Code    44  intoyun_protocol.o(i.ProtocolQueryInfoCallback)
    ProtocolQueryMode                        0x08002ce1   Thumb Code    34  intoyun_protocol.o(i.ProtocolQueryMode)
    ProtocolQueryModeCallback                0x08002d19   Thumb Code    38  intoyun_protocol.o(i.ProtocolQueryModeCallback)
    ProtocolQueryNetTime                     0x08002d4d   Thumb Code    40  intoyun_protocol.o(i.ProtocolQueryNetTime)
    ProtocolQueryNetTimeCallback             0x08002d8d   Thumb Code    58  intoyun_protocol.o(i.ProtocolQueryNetTimeCallback)
    ProtocolQueryStatus                      0x08002df5   Thumb Code    40  intoyun_protocol.o(i.ProtocolQueryStatus)
    ProtocolQueryStatusCallback              0x08002e35   Thumb Code   104  intoyun_protocol.o(i.ProtocolQueryStatusCallback)
    ProtocolSendPlatformData                 0x08002ed1   Thumb Code    82  intoyun_protocol.o(i.ProtocolSendPlatformData)
    ProtocolSetupDevice                      0x08002f3d   Thumb Code    44  intoyun_protocol.o(i.ProtocolSetupDevice)
    ProtocolSetupJoin                        0x08002f89   Thumb Code    40  intoyun_protocol.o(i.ProtocolSetupJoin)
    ProtocolSetupMode                        0x08002fc5   Thumb Code    48  intoyun_protocol.o(i.ProtocolSetupMode)
    ProtocolSetupRegister                    0x08003021   Thumb Code    42  intoyun_protocol.o(i.ProtocolSetupRegister)
    ProtocolSetupRegisterCallback            0x08003075   Thumb Code    38  intoyun_protocol.o(i.ProtocolSetupRegisterCallback)
    SVC_Handler                              0x080030ad   Thumb Code     2  stm32f1xx_it.o(i.SVC_Handler)
    SysTick_Handler                          0x080030c9   Thumb Code     4  stm32f1xx_it.o(i.SysTick_Handler)
    SystemInit                               0x08003131   Thumb Code    56  system_stm32f1xx.o(i.SystemInit)
    USART1_IRQHandler                        0x0800337d   Thumb Code    26  stm32f1xx_it.o(i.USART1_IRQHandler)
    UsageFault_Handler                       0x080033a1   Thumb Code     2  stm32f1xx_it.o(i.UsageFault_Handler)
    __0snprintf                              0x080033a5   Thumb Code    44  printfa.o(i.__0snprintf)
    __1snprintf                              0x080033a5   Thumb Code     0  printfa.o(i.__0snprintf)
    __2snprintf                              0x080033a5   Thumb Code     0  printfa.o(i.__0snprintf)
    __c89snprintf                            0x080033a5   Thumb Code     0  printfa.o(i.__0snprintf)
    snprintf                                 0x080033a5   Thumb Code     0  printfa.o(i.__0snprintf)
    __0sprintf                               0x080033d5   Thumb Code    34  printfa.o(i.__0sprintf)
    __1sprintf                               0x080033d5   Thumb Code     0  printfa.o(i.__0sprintf)
    __2sprintf                               0x080033d5   Thumb Code     0  printfa.o(i.__0sprintf)
    __c89sprintf                             0x080033d5   Thumb Code     0  printfa.o(i.__0sprintf)
    sprintf                                  0x080033d5   Thumb Code     0  printfa.o(i.__0sprintf)
    __0vsnprintf                             0x080033fd   Thumb Code    40  printfa.o(i.__0vsnprintf)
    __1vsnprintf                             0x080033fd   Thumb Code     0  printfa.o(i.__0vsnprintf)
    __2vsnprintf                             0x080033fd   Thumb Code     0  printfa.o(i.__0vsnprintf)
    __c89vsnprintf                           0x080033fd   Thumb Code     0  printfa.o(i.__0vsnprintf)
    vsnprintf                                0x080033fd   Thumb Code     0  printfa.o(i.__0vsnprintf)
    __scatterload_copy                       0x08003429   Thumb Code    14  handlers.o(i.__scatterload_copy)
    __scatterload_null                       0x08003437   Thumb Code     2  handlers.o(i.__scatterload_null)
    __scatterload_zeroinit                   0x08003439   Thumb Code    14  handlers.o(i.__scatterload_zeroinit)
    _log_print                               0x080035cd   Thumb Code    82  intoyun_log.o(i._log_print)
    _log_print_dump                          0x08003631   Thumb Code    68  intoyun_log.o(i._log_print_dump)
    delay                                    0x08003dfb   Thumb Code    42  intoyun_interface.o(i.delay)
    free                                     0x08003e25   Thumb Code    76  malloc.o(i.free)
    intoyunConnect                           0x08003e75   Thumb Code     6  intoyun_datapoint.o(i.intoyunConnect)
    intoyunConnected                         0x08003e7d   Thumb Code    12  intoyun_datapoint.o(i.intoyunConnected)
    intoyunDatapointControl                  0x08003e8d   Thumb Code    32  intoyun_datapoint.o(i.intoyunDatapointControl)
    intoyunDefineDatapointBinary             0x08003ef1   Thumb Code    92  intoyun_datapoint.o(i.intoyunDefineDatapointBinary)
    intoyunDefineDatapointBool               0x08003f55   Thumb Code    54  intoyun_datapoint.o(i.intoyunDefineDatapointBool)
    intoyunDefineDatapointEnum               0x08003f95   Thumb Code    58  intoyun_datapoint.o(i.intoyunDefineDatapointEnum)
    intoyunDefineDatapointNumber             0x08003fd9   Thumb Code   138  intoyun_datapoint.o(i.intoyunDefineDatapointNumber)
    intoyunDefineDatapointString             0x0800406d   Thumb Code    88  intoyun_datapoint.o(i.intoyunDefineDatapointString)
    intoyunDisconnect                        0x08004229   Thumb Code     6  intoyun_datapoint.o(i.intoyunDisconnect)
    intoyunDisconnected                      0x08004231   Thumb Code    14  intoyun_datapoint.o(i.intoyunDisconnected)
    intoyunExecuteRestart                    0x08004275   Thumb Code     4  intoyun_datapoint.o(i.intoyunExecuteRestart)
    intoyunExecuteRestore                    0x08004279   Thumb Code     4  intoyun_datapoint.o(i.intoyunExecuteRestore)
    intoyunGetDevice                         0x080043c1   Thumb Code   100  intoyun_datapoint.o(i.intoyunGetDevice)
    intoyunGetInfo                           0x08004475   Thumb Code   106  intoyun_datapoint.o(i.intoyunGetInfo)
    intoyunGetMode                           0x08004529   Thumb Code    10  intoyun_datapoint.o(i.intoyunGetMode)
    intoyunGetNetTime                        0x08004533   Thumb Code    60  intoyun_datapoint.o(i.intoyunGetNetTime)
    intoyunGetStatus                         0x080045ad   Thumb Code    80  intoyun_datapoint.o(i.intoyunGetStatus)
    intoyunInit                              0x08004621   Thumb Code    66  intoyun_datapoint.o(i.intoyunInit)
    intoyunLoop                              0x08004679   Thumb Code    24  intoyun_datapoint.o(i.intoyunLoop)
    intoyunParseReceiveDatapoints            0x08004691   Thumb Code   592  intoyun_datapoint.o(i.intoyunParseReceiveDatapoints)
    intoyunPutPipe                           0x08004d69   Thumb Code     4  intoyun_datapoint.o(i.intoyunPutPipe)
    intoyunReadDatapointBinary               0x08004d6d   Thumb Code    72  intoyun_datapoint.o(i.intoyunReadDatapointBinary)
    intoyunReadDatapointBool                 0x08004db9   Thumb Code    40  intoyun_datapoint.o(i.intoyunReadDatapointBool)
    intoyunReadDatapointEnum                 0x08004de5   Thumb Code    38  intoyun_datapoint.o(i.intoyunReadDatapointEnum)
    intoyunReadDatapointNumberDouble         0x08004e11   Thumb Code    42  intoyun_datapoint.o(i.intoyunReadDatapointNumberDouble)
    intoyunReadDatapointNumberInt32          0x08004e41   Thumb Code    38  intoyun_datapoint.o(i.intoyunReadDatapointNumberInt32)
    intoyunReadDatapointString               0x08004e6d   Thumb Code    68  intoyun_datapoint.o(i.intoyunReadDatapointString)
    intoyunSendAllDatapointManual            0x08004eb5   Thumb Code    46  intoyun_datapoint.o(i.intoyunSendAllDatapointManual)
    intoyunSendCustomData                    0x08004ee9   Thumb Code    48  intoyun_datapoint.o(i.intoyunSendCustomData)
    intoyunSendDatapointAutomatic            0x08004fcd   Thumb Code   112  intoyun_datapoint.o(i.intoyunSendDatapointAutomatic)
    intoyunSendDatapointBinary               0x08005045   Thumb Code    72  intoyun_datapoint.o(i.intoyunSendDatapointBinary)
    intoyunSendDatapointBool                 0x08005095   Thumb Code    64  intoyun_datapoint.o(i.intoyunSendDatapointBool)
    intoyunSendDatapointEnum                 0x080050dd   Thumb Code    64  intoyun_datapoint.o(i.intoyunSendDatapointEnum)
    intoyunSendDatapointNumberDouble         0x08005125   Thumb Code    70  intoyun_datapoint.o(i.intoyunSendDatapointNumberDouble)
    intoyunSendDatapointNumberInt32          0x08005175   Thumb Code    64  intoyun_datapoint.o(i.intoyunSendDatapointNumberInt32)
    intoyunSendDatapointString               0x080051bd   Thumb Code    64  intoyun_datapoint.o(i.intoyunSendDatapointString)
    intoyunSetDevice                         0x08005255   Thumb Code    66  intoyun_datapoint.o(i.intoyunSetDevice)
    intoyunSetEventCallback                  0x080052c1   Thumb Code    10  intoyun_datapoint.o(i.intoyunSetEventCallback)
    intoyunSetMode                           0x080052d1   Thumb Code    14  intoyun_datapoint.o(i.intoyunSetMode)
    intoyunWriteDatapointBinary              0x080052e3   Thumb Code     6  intoyun_datapoint.o(i.intoyunWriteDatapointBinary)
    intoyunWriteDatapointBool                0x080052e9   Thumb Code     6  intoyun_datapoint.o(i.intoyunWriteDatapointBool)
    intoyunWriteDatapointEnum                0x080052ef   Thumb Code     6  intoyun_datapoint.o(i.intoyunWriteDatapointEnum)
    intoyunWriteDatapointNumberDouble        0x080052f5   Thumb Code    12  intoyun_datapoint.o(i.intoyunWriteDatapointNumberDouble)
    intoyunWriteDatapointNumberInt32         0x08005301   Thumb Code     6  intoyun_datapoint.o(i.intoyunWriteDatapointNumberInt32)
    intoyunWriteDatapointString              0x08005307   Thumb Code     6  intoyun_datapoint.o(i.intoyunWriteDatapointString)
    main                                     0x0800530d   Thumb Code    20  main.o(i.main)
    malloc                                   0x08005325   Thumb Code    92  malloc.o(i.malloc)
    md5_add                                  0x08005391   Thumb Code    10  intoyun_md5.o(i.md5_add)
    md5_begin                                0x080053a1   Thumb Code    16  intoyun_md5.o(i.md5_begin)
    md5_calculate                            0x080053b5   Thumb Code    10  intoyun_md5.o(i.md5_calculate)
    md5_output                               0x080053c5   Thumb Code    88  intoyun_md5.o(i.md5_output)
    millis                                   0x08005435   Thumb Code     4  intoyun_interface.o(i.millis)
    system_event_callback                    0x08005439   Thumb Code    78  main.o(i.system_event_callback)
    timerGetId                               0x08005491   Thumb Code     4  intoyun_interface.o(i.timerGetId)
    timerIsEnd                               0x08005495   Thumb Code    34  intoyun_interface.o(i.timerIsEnd)
    userHandle                               0x080054b9   Thumb Code    68  main.o(i.userHandle)
    userInit                                 0x08005505   Thumb Code   156  main.o(i.userInit)
    AHBPrescTable                            0x08005608   Data          16  system_stm32f1xx.o(.constdata)
    APBPrescTable                            0x08005618   Data           8  system_stm32f1xx.o(.constdata)
    System                                   0x08005620   Data          56  intoyun_interface.o(.constdata)
    Cloud                                    0x08005658   Data         116  intoyun_interface.o(.constdata)
    __ctype_categories                       0x080056cc   Data          64  ctype_c.o(.constdata)
    Region$$Table$$Base                      0x08005754   Number         0  anon$$obj.o(Region$$Table)
    Region$$Table$$Limit                     0x08005774   Number         0  anon$$obj.o(Region$$Table)
    dpBoolLightSwitch                        0x20000000   Data           1  main.o(.data)
    binaryLen                                0x20000002   Data           2  main.o(.data)
    dpNumberSpeed                            0x20000004   Data           4  main.o(.data)
    dpEnumLightMode                          0x20000008   Data           4  main.o(.data)
    dpNumberTemperature                      0x20000010   Data           8  main.o(.data)
    dpStringLcdDisplay                       0x20000018   Data          20  main.o(.data)
    dpBinaryVal                              0x2000002c   Data           9  main.o(.data)
    SystemCoreClock                          0x20000038   Data           4  system_stm32f1xx.o(.data)
    cloudConnected                           0x2000003c   Data           1  intoyun_datapoint.o(.data)
    moduleConnectNetwork                     0x2000003d   Data           1  intoyun_datapoint.o(.data)
    properties_count                         0x20000044   Data           4  intoyun_datapoint.o(.data)
    eventHandler                             0x20000048   Data           4  intoyun_datapoint.o(.data)
    g_datapoint_control                      0x20000050   Data          12  intoyun_datapoint.o(.data)
    __microlib_freelist                      0x200000b4   Data           4  mvars.o(.data)
    __microlib_freelist_initialised          0x200000b8   Data           4  mvars.o(.data)
    huart1                                   0x200000bc   Data          64  hal_interface.o(.bss)
    huart2                                   0x200000fc   Data          64  hal_interface.o(.bss)
    properties                               0x2000013c   Data         200  intoyun_datapoint.o(.bss)
    _ctx                                     0x20000238   Data          88  intoyun_md5.o(.bss)
    pipeRx                                   0x200002a0   Data          24  intoyun_protocol.o(.bss)
    __heap_base                              0x200002b8   Data           0  startup_stm32f103xb.o(HEAP)
    __heap_limit                             0x20000ab8   Data           0  startup_stm32f103xb.o(HEAP)
    __initial_sp                             0x20000eb8   Data           0  startup_stm32f103xb.o(STACK)



==============================================================================

Memory Map of the image

  Image Entry point : 0x080000ed

  Load Region LR_IROM1 (Base: 0x08000000, Size: 0x00005830, Max: 0x00020000, ABSOLUTE)

    Execution Region ER_IROM1 (Base: 0x08000000, Size: 0x00005774, Max: 0x00020000, ABSOLUTE)

    Base Addr    Size         Type   Attr      Idx    E Section Name        Object

    0x08000000   0x000000ec   Data   RO           87    RESET               startup_stm32f103xb.o
    0x080000ec   0x00000000   Code   RO         3906  * .ARM.Collect$$$$00000000  mc_w.l(entry.o)
    0x080000ec   0x00000004   Code   RO         4236    .ARM.Collect$$$$00000001  mc_w.l(entry2.o)
    0x080000f0   0x00000004   Code   RO         4239    .ARM.Collect$$$$00000004  mc_w.l(entry5.o)
    0x080000f4   0x00000000   Code   RO         4241    .ARM.Collect$$$$00000008  mc_w.l(entry7b.o)
    0x080000f4   0x00000000   Code   RO         4243    .ARM.Collect$$$$0000000A  mc_w.l(entry8b.o)
    0x080000f4   0x00000008   Code   RO         4244    .ARM.Collect$$$$0000000B  mc_w.l(entry9a.o)
    0x080000fc   0x00000000   Code   RO         4246    .ARM.Collect$$$$0000000D  mc_w.l(entry10a.o)
    0x080000fc   0x00000000   Code   RO         4248    .ARM.Collect$$$$0000000F  mc_w.l(entry11a.o)
    0x080000fc   0x00000004   Code   RO         4237    .ARM.Collect$$$$00002712  mc_w.l(entry2.o)
    0x08000100   0x00000024   Code   RO           88    .text               startup_stm32f103xb.o
    0x08000124   0x00000020   Code   RO         3909    .text               mc_w.l(llushr.o)
    0x08000144   0x00000024   Code   RO         3911    .text               mc_w.l(memcpya.o)
    0x08000168   0x00000024   Code   RO         3913    .text               mc_w.l(memseta.o)
    0x0800018c   0x00000018   Code   RO         3915    .text               mc_w.l(strncpy.o)
    0x080001a4   0x00000014   Code   RO         3917    .text               mc_w.l(strchr.o)
    0x080001b8   0x0000000e   Code   RO         3919    .text               mc_w.l(strlen.o)
    0x080001c6   0x0000001c   Code   RO         3921    .text               mc_w.l(strcmp.o)
    0x080001e2   0x0000001a   Code   RO         3923    .text               mc_w.l(memcmp.o)
    0x080001fc   0x00000038   Code   RO         4216    .text               mc_w.l(__0sscanf.o)
    0x08000234   0x0000014c   Code   RO         4218    .text               mc_w.l(_scanf_int.o)
    0x08000380   0x000000e0   Code   RO         4220    .text               mc_w.l(_scanf_str.o)
    0x08000460   0x0000014e   Code   RO         4222    .text               mf_w.l(dadd.o)
    0x080005ae   0x000000e4   Code   RO         4224    .text               mf_w.l(dmul.o)
    0x08000692   0x000000de   Code   RO         4226    .text               mf_w.l(ddiv.o)
    0x08000770   0x00000022   Code   RO         4228    .text               mf_w.l(dflti.o)
    0x08000792   0x0000003e   Code   RO         4230    .text               mf_w.l(dfixi.o)
    0x080007d0   0x00000030   Code   RO         4232    .text               mf_w.l(cdcmple.o)
    0x08000800   0x00000030   Code   RO         4234    .text               mf_w.l(cdrcmple.o)
    0x08000830   0x0000002c   Code   RO         4253    .text               mc_w.l(uidiv.o)
    0x0800085c   0x00000062   Code   RO         4255    .text               mc_w.l(uldiv.o)
    0x080008be   0x0000001e   Code   RO         4257    .text               mc_w.l(llshl.o)
    0x080008dc   0x00000024   Code   RO         4259    .text               mc_w.l(llsshr.o)
    0x08000900   0x0000001c   Code   RO         4263    .text               mc_w.l(_chval.o)
    0x0800091c   0x00000028   Code   RO         4265    .text               mc_w.l(scanf_char.o)
    0x08000944   0x00000040   Code   RO         4267    .text               mc_w.l(_sgetc.o)
    0x08000984   0x00000000   Code   RO         4269    .text               mc_w.l(iusefp.o)
    0x08000984   0x000000ba   Code   RO         4270    .text               mf_w.l(depilogue.o)
    0x08000a3e   0x00000030   Code   RO         4272    .text               mf_w.l(dfixul.o)
    0x08000a6e   0x00000002   PAD
    0x08000a70   0x00000024   Code   RO         4274    .text               mc_w.l(init.o)
    0x08000a94   0x0000000a   Code   RO         4277    .text               mc_w.l(isspace_c.o)
    0x08000a9e   0x00000002   PAD
    0x08000aa0   0x0000032c   Code   RO         4279    .text               mc_w.l(_scanf.o)
    0x08000dcc   0x00000028   Code   RO         4282    .text               mc_w.l(ctype_c.o)
    0x08000df4   0x00000002   Code   RO           96    i.BusFault_Handler  stm32f1xx_it.o
    0x08000df6   0x00000002   Code   RO           97    i.DebugMon_Handler  stm32f1xx_it.o
    0x08000df8   0x00000016   Code   RO         1152    i.HAL_Delay         stm32f1xx_hal.o
    0x08000e0e   0x00000002   PAD
    0x08000e10   0x000001bc   Code   RO         1808    i.HAL_GPIO_Init     stm32f1xx_hal_gpio.o
    0x08000fcc   0x0000000c   Code   RO         1156    i.HAL_GetTick       stm32f1xx_hal.o
    0x08000fd8   0x00000010   Code   RO         1157    i.HAL_IncTick       stm32f1xx_hal.o
    0x08000fe8   0x00000024   Code   RO         1158    i.HAL_Init          stm32f1xx_hal.o
    0x0800100c   0x00000022   Code   RO         1159    i.HAL_InitTick      stm32f1xx_hal.o
    0x0800102e   0x00000004   Code   RO          310    i.HAL_Millis        hal_interface.o
    0x08001032   0x00000002   Code   RO         1998    i.HAL_MspInit       stm32f1xx_hal_msp_template.o
    0x08001034   0x00000016   Code   RO         1353    i.HAL_NVIC_EnableIRQ  stm32f1xx_hal_cortex.o
    0x0800104a   0x00000002   PAD
    0x0800104c   0x00000040   Code   RO         1359    i.HAL_NVIC_SetPriority  stm32f1xx_hal_cortex.o
    0x0800108c   0x00000024   Code   RO         1360    i.HAL_NVIC_SetPriorityGrouping  stm32f1xx_hal_cortex.o
    0x080010b0   0x00000030   Code   RO          311    i.HAL_Print         hal_interface.o
    0x080010e0   0x00000188   Code   RO         2255    i.HAL_RCC_ClockConfig  stm32f1xx_hal_rcc.o
    0x08001268   0x0000000c   Code   RO         2260    i.HAL_RCC_GetHCLKFreq  stm32f1xx_hal_rcc.o
    0x08001274   0x00000030   Code   RO         2262    i.HAL_RCC_GetPCLK1Freq  stm32f1xx_hal_rcc.o
    0x080012a4   0x00000030   Code   RO         2263    i.HAL_RCC_GetPCLK2Freq  stm32f1xx_hal_rcc.o
    0x080012d4   0x00000088   Code   RO         2264    i.HAL_RCC_GetSysClockFreq  stm32f1xx_hal_rcc.o
    0x0800135c   0x0000057e   Code   RO         2267    i.HAL_RCC_OscConfig  stm32f1xx_hal_rcc.o
    0x080018da   0x00000028   Code   RO         1364    i.HAL_SYSTICK_Config  stm32f1xx_hal_cortex.o
    0x08001902   0x00000002   PAD
    0x08001904   0x00000058   Code   RO          312    i.HAL_SystemInit    hal_interface.o
    0x0800195c   0x0000005e   Code   RO         3398    i.HAL_UART_Init     stm32f1xx_hal_uart.o
    0x080019ba   0x00000002   PAD
    0x080019bc   0x000000bc   Code   RO          314    i.HAL_UART_MspInit  hal_interface.o
    0x08001a78   0x000000cc   Code   RO         3401    i.HAL_UART_Receive  stm32f1xx_hal_uart.o
    0x08001b44   0x000000cc   Code   RO         3406    i.HAL_UART_Transmit  stm32f1xx_hal_uart.o
    0x08001c10   0x00000018   Code   RO          315    i.HAL_UartWrite     hal_interface.o
    0x08001c28   0x00000002   Code   RO           98    i.HardFault_Handler  stm32f1xx_it.o
    0x08001c2a   0x00000062   Code   RO          834    i.MD5Final          intoyun_md5.o
    0x08001c8c   0x00000024   Code   RO          835    i.MD5Init           intoyun_md5.o
    0x08001cb0   0x00000738   Code   RO          836    i.MD5Transform      intoyun_md5.o
    0x080023e8   0x0000007e   Code   RO          837    i.MD5Update         intoyun_md5.o
    0x08002466   0x00000002   Code   RO           99    i.MemManage_Handler  stm32f1xx_it.o
    0x08002468   0x00000002   Code   RO          100    i.NMI_Handler       stm32f1xx_it.o
    0x0800246a   0x00000020   Code   RO         1366    i.NVIC_SetPriority  stm32f1xx_hal_cortex.o
    0x0800248a   0x00000002   Code   RO          101    i.PendSV_Handler    stm32f1xx_it.o
    0x0800248c   0x00000014   Code   RO          897    i.PipeFree          intoyun_protocol.o
    0x080024a0   0x00000060   Code   RO          898    i.PipeGet           intoyun_protocol.o
    0x08002500   0x0000000e   Code   RO          899    i.PipeInc           intoyun_protocol.o
    0x0800250e   0x00000018   Code   RO          900    i.PipeNext          intoyun_protocol.o
    0x08002526   0x00000022   Code   RO          901    i.PipeSet           intoyun_protocol.o
    0x08002548   0x00000010   Code   RO          902    i.PipeSize          intoyun_protocol.o
    0x08002558   0x00000038   Code   RO          903    i.ProtocolExecuteRestart  intoyun_protocol.o
    0x08002590   0x0000003c   Code   RO          904    i.ProtocolExecuteRestore  intoyun_protocol.o
    0x080025cc   0x0000000a   Code   RO          905    i.ProtocolModuleActiveSendHandle  intoyun_protocol.o
    0x080025d6   0x00000002   PAD
    0x080025d8   0x000000d4   Code   RO          906    i.ProtocolParserFormated  intoyun_protocol.o
    0x080026ac   0x000000dc   Code   RO          907    i.ProtocolParserGetOnePacket  intoyun_protocol.o
    0x08002788   0x000000e4   Code   RO          908    i.ProtocolParserInit  intoyun_protocol.o
    0x0800286c   0x00000078   Code   RO          909    i.ProtocolParserMatch  intoyun_protocol.o
    0x080028e4   0x00000014   Code   RO          910    i.ProtocolParserPlatformData  intoyun_protocol.o
    0x080028f8   0x00000038   Code   RO          911    i.ProtocolParserSendFormated  intoyun_protocol.o
    0x08002930   0x00000268   Code   RO          912    i.ProtocolParserWaitFinalResp  intoyun_protocol.o
    0x08002b98   0x00000030   Code   RO          913    i.ProtocolPutPipe   intoyun_protocol.o
    0x08002bc8   0x00000040   Code   RO          916    i.ProtocolQueryDevice  intoyun_protocol.o
    0x08002c08   0x0000004c   Code   RO          917    i.ProtocolQueryDeviceCallback  intoyun_protocol.o
    0x08002c54   0x0000003c   Code   RO          918    i.ProtocolQueryInfo  intoyun_protocol.o
    0x08002c90   0x00000050   Code   RO          919    i.ProtocolQueryInfoCallback  intoyun_protocol.o
    0x08002ce0   0x00000038   Code   RO          922    i.ProtocolQueryMode  intoyun_protocol.o
    0x08002d18   0x00000034   Code   RO          923    i.ProtocolQueryModeCallback  intoyun_protocol.o
    0x08002d4c   0x00000040   Code   RO          924    i.ProtocolQueryNetTime  intoyun_protocol.o
    0x08002d8c   0x00000068   Code   RO          925    i.ProtocolQueryNetTimeCallback  intoyun_protocol.o
    0x08002df4   0x00000040   Code   RO          926    i.ProtocolQueryStatus  intoyun_protocol.o
    0x08002e34   0x0000009c   Code   RO          927    i.ProtocolQueryStatusCallback  intoyun_protocol.o
    0x08002ed0   0x0000006c   Code   RO          928    i.ProtocolSendPlatformData  intoyun_protocol.o
    0x08002f3c   0x0000004c   Code   RO          930    i.ProtocolSetupDevice  intoyun_protocol.o
    0x08002f88   0x0000003c   Code   RO          931    i.ProtocolSetupJoin  intoyun_protocol.o
    0x08002fc4   0x0000005c   Code   RO          934    i.ProtocolSetupMode  intoyun_protocol.o
    0x08003020   0x00000054   Code   RO          935    i.ProtocolSetupRegister  intoyun_protocol.o
    0x08003074   0x00000038   Code   RO          936    i.ProtocolSetupRegisterCallback  intoyun_protocol.o
    0x080030ac   0x00000002   Code   RO          102    i.SVC_Handler       stm32f1xx_it.o
    0x080030ae   0x0000001a   Code   RO          937    i.SerialPipePut     intoyun_protocol.o
    0x080030c8   0x00000004   Code   RO          103    i.SysTick_Handler   stm32f1xx_it.o
    0x080030cc   0x00000064   Code   RO          316    i.SystemClockConfig  hal_interface.o
    0x08003130   0x00000048   Code   RO          269    i.SystemInit        system_stm32f1xx.o
    0x08003178   0x00000170   Code   RO         3417    i.UART_SetConfig    stm32f1xx_hal_uart.o
    0x080032e8   0x00000092   Code   RO         3419    i.UART_WaitOnFlagUntilTimeout  stm32f1xx_hal_uart.o
    0x0800337a   0x00000002   PAD
    0x0800337c   0x00000024   Code   RO          104    i.USART1_IRQHandler  stm32f1xx_it.o
    0x080033a0   0x00000002   Code   RO          105    i.UsageFault_Handler  stm32f1xx_it.o
    0x080033a2   0x00000002   PAD
    0x080033a4   0x00000030   Code   RO         4161    i.__0snprintf       mc_w.l(printfa.o)
    0x080033d4   0x00000028   Code   RO         4162    i.__0sprintf        mc_w.l(printfa.o)
    0x080033fc   0x0000002c   Code   RO         4165    i.__0vsnprintf      mc_w.l(printfa.o)
    0x08003428   0x0000000e   Code   RO         4287    i.__scatterload_copy  mc_w.l(handlers.o)
    0x08003436   0x00000002   Code   RO         4288    i.__scatterload_null  mc_w.l(handlers.o)
    0x08003438   0x0000000e   Code   RO         4289    i.__scatterload_zeroinit  mc_w.l(handlers.o)
    0x08003446   0x00000002   PAD
    0x08003448   0x00000184   Code   RO         4167    i._fp_digits        mc_w.l(printfa.o)
    0x080035cc   0x00000064   Code   RO          783    i._log_print        intoyun_log.o
    0x08003630   0x00000054   Code   RO          784    i._log_print_dump   intoyun_log.o
    0x08003684   0x00000028   Code   RO          375    i._pow              intoyun_datapoint.o
    0x080036ac   0x000006dc   Code   RO         4168    i._printf_core      mc_w.l(printfa.o)
    0x08003d88   0x00000024   Code   RO         4169    i._printf_post_padding  mc_w.l(printfa.o)
    0x08003dac   0x0000002e   Code   RO         4170    i._printf_pre_padding  mc_w.l(printfa.o)
    0x08003dda   0x00000016   Code   RO         4171    i._snputc           mc_w.l(printfa.o)
    0x08003df0   0x0000000a   Code   RO         4172    i._sputc            mc_w.l(printfa.o)
    0x08003dfa   0x0000002a   Code   RO          745    i.delay             intoyun_interface.o
    0x08003e24   0x00000050   Code   RO         4188    i.free              mc_w.l(malloc.o)
    0x08003e74   0x00000006   Code   RO          376    i.intoyunConnect    intoyun_datapoint.o
    0x08003e7a   0x00000002   PAD
    0x08003e7c   0x00000010   Code   RO          377    i.intoyunConnected  intoyun_datapoint.o
    0x08003e8c   0x00000024   Code   RO          378    i.intoyunDatapointControl  intoyun_datapoint.o
    0x08003eb0   0x00000040   Code   RO          379    i.intoyunDatapointValueInit  intoyun_datapoint.o
    0x08003ef0   0x00000064   Code   RO          380    i.intoyunDefineDatapointBinary  intoyun_datapoint.o
    0x08003f54   0x00000040   Code   RO          381    i.intoyunDefineDatapointBool  intoyun_datapoint.o
    0x08003f94   0x00000044   Code   RO          382    i.intoyunDefineDatapointEnum  intoyun_datapoint.o
    0x08003fd8   0x00000094   Code   RO          383    i.intoyunDefineDatapointNumber  intoyun_datapoint.o
    0x0800406c   0x00000060   Code   RO          384    i.intoyunDefineDatapointString  intoyun_datapoint.o
    0x080040cc   0x0000015c   Code   RO          385    i.intoyunDeviceRegister  intoyun_datapoint.o
    0x08004228   0x00000006   Code   RO          386    i.intoyunDisconnect  intoyun_datapoint.o
    0x0800422e   0x00000002   PAD
    0x08004230   0x00000014   Code   RO          387    i.intoyunDisconnected  intoyun_datapoint.o
    0x08004244   0x00000030   Code   RO          388    i.intoyunDiscoverProperty  intoyun_datapoint.o
    0x08004274   0x00000004   Code   RO          389    i.intoyunExecuteRestart  intoyun_datapoint.o
    0x08004278   0x00000004   Code   RO          390    i.intoyunExecuteRestore  intoyun_datapoint.o
    0x0800427c   0x00000144   Code   RO          391    i.intoyunFormDataPointBinary  intoyun_datapoint.o
    0x080043c0   0x000000b4   Code   RO          392    i.intoyunGetDevice  intoyun_datapoint.o
    0x08004474   0x000000b4   Code   RO          393    i.intoyunGetInfo    intoyun_datapoint.o
    0x08004528   0x0000000a   Code   RO          394    i.intoyunGetMode    intoyun_datapoint.o
    0x08004532   0x0000003c   Code   RO          395    i.intoyunGetNetTime  intoyun_datapoint.o
    0x0800456e   0x00000002   PAD
    0x08004570   0x0000003c   Code   RO          396    i.intoyunGetPropertyPermissionUpCount  intoyun_datapoint.o
    0x080045ac   0x00000074   Code   RO          397    i.intoyunGetStatus  intoyun_datapoint.o
    0x08004620   0x00000058   Code   RO          398    i.intoyunInit       intoyun_datapoint.o
    0x08004678   0x00000018   Code   RO          399    i.intoyunLoop       intoyun_datapoint.o
    0x08004690   0x00000298   Code   RO          400    i.intoyunParseReceiveDatapoints  intoyun_datapoint.o
    0x08004928   0x0000009c   Code   RO          401    i.intoyunPlatformWriteDatapointBinary  intoyun_datapoint.o
    0x080049c4   0x00000060   Code   RO          402    i.intoyunPlatformWriteDatapointBool  intoyun_datapoint.o
    0x08004a24   0x0000005c   Code   RO          403    i.intoyunPlatformWriteDatapointEnum  intoyun_datapoint.o
    0x08004a80   0x000000f8   Code   RO          404    i.intoyunPlatformWriteDatapointNumberDouble  intoyun_datapoint.o
    0x08004b78   0x000000b0   Code   RO          405    i.intoyunPlatformWriteDatapointNumberInt32  intoyun_datapoint.o
    0x08004c28   0x00000114   Code   RO          406    i.intoyunPlatformWriteDatapointString  intoyun_datapoint.o
    0x08004d3c   0x0000002c   Code   RO          407    i.intoyunPropertyChangeClear  intoyun_datapoint.o
    0x08004d68   0x00000004   Code   RO          408    i.intoyunPutPipe    intoyun_datapoint.o
    0x08004d6c   0x0000004c   Code   RO          409    i.intoyunReadDatapointBinary  intoyun_datapoint.o
    0x08004db8   0x0000002c   Code   RO          410    i.intoyunReadDatapointBool  intoyun_datapoint.o
    0x08004de4   0x0000002c   Code   RO          411    i.intoyunReadDatapointEnum  intoyun_datapoint.o
    0x08004e10   0x00000030   Code   RO          412    i.intoyunReadDatapointNumberDouble  intoyun_datapoint.o
    0x08004e40   0x0000002c   Code   RO          413    i.intoyunReadDatapointNumberInt32  intoyun_datapoint.o
    0x08004e6c   0x00000048   Code   RO          414    i.intoyunReadDatapointString  intoyun_datapoint.o
    0x08004eb4   0x00000034   Code   RO          415    i.intoyunSendAllDatapointManual  intoyun_datapoint.o
    0x08004ee8   0x00000030   Code   RO          416    i.intoyunSendCustomData  intoyun_datapoint.o
    0x08004f18   0x000000b4   Code   RO          417    i.intoyunSendDatapointAll  intoyun_datapoint.o
    0x08004fcc   0x00000078   Code   RO          418    i.intoyunSendDatapointAutomatic  intoyun_datapoint.o
    0x08005044   0x00000050   Code   RO          419    i.intoyunSendDatapointBinary  intoyun_datapoint.o
    0x08005094   0x00000048   Code   RO          420    i.intoyunSendDatapointBool  intoyun_datapoint.o
    0x080050dc   0x00000048   Code   RO          421    i.intoyunSendDatapointEnum  intoyun_datapoint.o
    0x08005124   0x00000050   Code   RO          422    i.intoyunSendDatapointNumberDouble  intoyun_datapoint.o
    0x08005174   0x00000048   Code   RO          423    i.intoyunSendDatapointNumberInt32  intoyun_datapoint.o
    0x080051bc   0x00000048   Code   RO          424    i.intoyunSendDatapointString  intoyun_datapoint.o
    0x08005204   0x00000050   Code   RO          425    i.intoyunSendSingleDatapoint  intoyun_datapoint.o
    0x08005254   0x0000006c   Code   RO          426    i.intoyunSetDevice  intoyun_datapoint.o
    0x080052c0   0x00000010   Code   RO          427    i.intoyunSetEventCallback  intoyun_datapoint.o
    0x080052d0   0x0000000e   Code   RO          428    i.intoyunSetMode    intoyun_datapoint.o
    0x080052de   0x00000004   Code   RO          429    i.intoyunTransmitData  intoyun_datapoint.o
    0x080052e2   0x00000006   Code   RO          430    i.intoyunWriteDatapointBinary  intoyun_datapoint.o
    0x080052e8   0x00000006   Code   RO          431    i.intoyunWriteDatapointBool  intoyun_datapoint.o
    0x080052ee   0x00000006   Code   RO          432    i.intoyunWriteDatapointEnum  intoyun_datapoint.o
    0x080052f4   0x0000000c   Code   RO          433    i.intoyunWriteDatapointNumberDouble  intoyun_datapoint.o
    0x08005300   0x00000006   Code   RO          434    i.intoyunWriteDatapointNumberInt32  intoyun_datapoint.o
    0x08005306   0x00000006   Code   RO          435    i.intoyunWriteDatapointString  intoyun_datapoint.o
    0x0800530c   0x00000018   Code   RO            1    i.main              main.o
    0x08005324   0x0000006c   Code   RO         4189    i.malloc            mc_w.l(malloc.o)
    0x08005390   0x00000010   Code   RO          838    i.md5_add           intoyun_md5.o
    0x080053a0   0x00000014   Code   RO          839    i.md5_begin         intoyun_md5.o
    0x080053b4   0x00000010   Code   RO          840    i.md5_calculate     intoyun_md5.o
    0x080053c4   0x00000070   Code   RO          841    i.md5_output        intoyun_md5.o
    0x08005434   0x00000004   Code   RO          746    i.millis            intoyun_interface.o
    0x08005438   0x00000058   Code   RO            2    i.system_event_callback  main.o
    0x08005490   0x00000004   Code   RO          747    i.timerGetId        intoyun_interface.o
    0x08005494   0x00000022   Code   RO          748    i.timerIsEnd        intoyun_interface.o
    0x080054b6   0x00000002   PAD
    0x080054b8   0x0000004c   Code   RO            3    i.userHandle        main.o
    0x08005504   0x00000104   Code   RO            4    i.userInit          main.o
    0x08005608   0x00000010   Data   RO          270    .constdata          system_stm32f1xx.o
    0x08005618   0x00000008   Data   RO          271    .constdata          system_stm32f1xx.o
    0x08005620   0x00000038   Data   RO          749    .constdata          intoyun_interface.o
    0x08005658   0x00000074   Data   RO          750    .constdata          intoyun_interface.o
    0x080056cc   0x00000040   Data   RO         4283    .constdata          mc_w.l(ctype_c.o)
    0x0800570c   0x00000047   Data   RO          939    .conststring        intoyun_protocol.o
    0x08005753   0x00000001   PAD
    0x08005754   0x00000020   Data   RO         4285    Region$$Table       anon$$obj.o


    Execution Region RW_IRAM1 (Base: 0x20000000, Size: 0x00000eb8, Max: 0x00005000, ABSOLUTE)

    Base Addr    Size         Type   Attr      Idx    E Section Name        Object

    0x20000000   0x00000035   Data   RW            5    .data               main.o
    0x20000035   0x00000003   PAD
    0x20000038   0x00000004   Data   RW          272    .data               system_stm32f1xx.o
    0x2000003c   0x00000020   Data   RW          437    .data               intoyun_datapoint.o
    0x2000005c   0x00000054   Data   RW          940    .data               intoyun_protocol.o
    0x200000b0   0x00000004   Data   RW         1164    .data               stm32f1xx_hal.o
    0x200000b4   0x00000004   Data   RW         4261    .data               mc_w.l(mvars.o)
    0x200000b8   0x00000004   Data   RW         4262    .data               mc_w.l(mvars.o)
    0x200000bc   0x00000080   Zero   RW          317    .bss                hal_interface.o
    0x2000013c   0x000000fa   Zero   RW          436    .bss                intoyun_datapoint.o
    0x20000236   0x00000002   PAD
    0x20000238   0x00000068   Zero   RW          843    .bss                intoyun_md5.o
    0x200002a0   0x00000018   Zero   RW          938    .bss                intoyun_protocol.o
    0x200002b8   0x00000800   Zero   RW           86    HEAP                startup_stm32f103xb.o
    0x20000ab8   0x00000400   Zero   RW           85    STACK               startup_stm32f103xb.o


==============================================================================

Image component sizes


      Code (inc. data)   RO Data    RW Data    ZI Data      Debug   Object Name

       452         42          0          0        128       4501   hal_interface.o
      5306        858          0         32        250      46834   intoyun_datapoint.o
        84          0        172          0          0       5394   intoyun_interface.o
       184         34          0          0          0       2947   intoyun_log.o
      2272        300          0          0        104       6209   intoyun_md5.o
      3128        726         71         84         24      27267   intoyun_protocol.o
       448        126          0         53          0      13197   main.o
        36          8        236          0       3072        884   startup_stm32f103xb.o
       120         16          0          4          0       3762   stm32f1xx_hal.o
       194         14          0          0          0      25955   stm32f1xx_hal_cortex.o
       444         36          0          0          0       2488   stm32f1xx_hal_gpio.o
         2          0          0          0          0        518   stm32f1xx_hal_msp_template.o
      2042         98          0          0          0       6008   stm32f1xx_hal_rcc.o
      1016          4          0          0          0       5347   stm32f1xx_hal_uart.o
        56         10          0          0          0     425570   stm32f1xx_it.o
        72         16         24          4          0       1323   system_stm32f1xx.o

    ----------------------------------------------------------------------
     15878       2288        536        180       3580     578204   Object Totals
         0          0         32          0          0          0   (incl. Generated)
        22          0          1          3          2          0   (incl. Padding)

    ----------------------------------------------------------------------

      Code (inc. data)   RO Data    RW Data    ZI Data      Debug   Library Member Name

        56          8          0          0          0         84   __0sscanf.o
        28          0          0          0          0         68   _chval.o
       812          4          0          0          0        112   _scanf.o
       332          0          0          0          0         96   _scanf_int.o
       224          0          0          0          0         96   _scanf_str.o
        64          0          0          0          0         84   _sgetc.o
        40          6         64          0          0         68   ctype_c.o
         0          0          0          0          0          0   entry.o
         0          0          0          0          0          0   entry10a.o
         0          0          0          0          0          0   entry11a.o
         8          4          0          0          0          0   entry2.o
         4          0          0          0          0          0   entry5.o
         0          0          0          0          0          0   entry7b.o
         0          0          0          0          0          0   entry8b.o
         8          4          0          0          0          0   entry9a.o
        30          0          0          0          0          0   handlers.o
        36          8          0          0          0         68   init.o
        10          0          0          0          0         68   isspace_c.o
         0          0          0          0          0          0   iusefp.o
        30          0          0          0          0         68   llshl.o
        36          0          0          0          0         68   llsshr.o
        32          0          0          0          0         68   llushr.o
       188         20          0          0          0        160   malloc.o
        26          0          0          0          0         80   memcmp.o
        36          0          0          0          0         68   memcpya.o
        36          0          0          0          0        108   memseta.o
         0          0          0          8          0          0   mvars.o
      2390         94          0          0          0        752   printfa.o
        40          8          0          0          0         84   scanf_char.o
        20          0          0          0          0         68   strchr.o
        28          0          0          0          0         76   strcmp.o
        14          0          0          0          0         68   strlen.o
        24          0          0          0          0         76   strncpy.o
        44          0          0          0          0         80   uidiv.o
        98          0          0          0          0         92   uldiv.o
        48          0          0          0          0         68   cdcmple.o
        48          0          0          0          0         68   cdrcmple.o
       334          0          0          0          0        148   dadd.o
       222          0          0          0          0        100   ddiv.o
       186          0          0          0          0        176   depilogue.o
        62          0          0          0          0         80   dfixi.o
        48          0          0          0          0         68   dfixul.o
        34          0          0          0          0         76   dflti.o
       228          0          0          0          0         96   dmul.o

    ----------------------------------------------------------------------
      5910        156         64          8          0       3540   Library Totals
         6          0          0          0          0          0   (incl. Padding)

    ----------------------------------------------------------------------

      Code (inc. data)   RO Data    RW Data    ZI Data      Debug   Library Name

      4694        156         64          8          0       2660   mc_w.l
      1210          0          0          0          0        880   mf_w.l

    ----------------------------------------------------------------------
      5910        156         64          8          0       3540   Library Totals

    ----------------------------------------------------------------------

==============================================================================


      Code (inc. data)   RO Data    RW Data    ZI Data      Debug   

     21788       2444        600        188       3580     572120   Grand Totals
     21788       2444        600        188       3580     572120   ELF Image Totals
     21788       2444        600        188          0          0   ROM Totals

==============================================================================

    Total RO  Size (Code + RO Data)                22388 (  21.86kB)
    Total RW  Size (RW Data + ZI Data)              3768 (   3.68kB)
    Total ROM Size (Code + RO Data + RW Data)      22576 (  22.05kB)

==============================================================================

